// Jest Snapshot v1, https://goo.gl/fbAQLP

exports[`loaded 1`] = `
.c0 {
  box-sizing: border-box;
  padding-left: 40px;
  padding-right: 40px;
}

.c3 {
  box-sizing: border-box;
  margin-bottom: 24px;
}

.c12 {
  box-sizing: border-box;
  width: 100%;
}

.c14 {
  box-sizing: border-box;
  margin-right: 8px;
}

.c16 {
  box-sizing: border-box;
}

.c25 {
  line-height: 1.5;
  margin: 0;
  display: inline-flex;
  justify-content: center;
  align-items: center;
  box-sizing: border-box;
  border: none;
  border-radius: 4px;
  cursor: pointer;
  font-family: inherit;
  font-weight: 600;
  outline: none;
  position: relative;
  text-align: center;
  text-decoration: none;
  text-transform: uppercase;
  transition: all 0.3s;
  -webkit-font-smoothing: antialiased;
  background: #512FC9;
  color: rgba(255,255,255,0.87);
  font-size: 10px;
  min-height: 24px;
  padding: 0px 16px;
  width: 80px;
}

.c25:active {
  opacity: 0.56;
}

.c25:hover,
.c25:focus {
  background: #651FFF;
}

.c25:active {
  background: #354AA4;
}

.c25:disabled {
  background: rgba(255,255,255,0.12);
  color: rgba(255,255,255,0.3);
}

.c19 {
  display: inline-block;
  transition: color 0.3s;
  color: #FFFFFF;
  font-size: 16px;
}

.c23 {
  display: inline-block;
  transition: color 0.3s;
  color: #FFFFFF;
}

.c24 {
  display: inline-block;
  transition: color 0.3s;
  padding: 4px;
  margin-right: 16px;
  color: #FFFFFF;
  font-size: 16px;
}

.c1 {
  display: flex;
}

.c4 {
  display: flex;
  align-items: center;
}

.c13 {
  display: flex;
  justify-content: flex-end;
}

.c6 {
  overflow: hidden;
  text-overflow: ellipsis;
  font-weight: 300;
  font-size: 22px;
  line-height: 32px;
  margin: 0;
}

.c15 {
  overflow: hidden;
  text-overflow: ellipsis;
  font-weight: 400;
  font-size: 12px;
  line-height: 16px;
  margin-right: 4px;
  margin: 0;
  color: #FFFFFF;
}

.c5 {
  flex-shrink: 0;
  border-bottom: 1px solid #1C254D;
  height: 56px;
  margin-left: -40px;
  margin-right: -40px;
  padding-left: 40px;
  padding-right: 40px;
}

.c7 {
  white-space: nowrap;
}

.c2 {
  overflow: auto;
  width: 100%;
  height: 100%;
  flex-direction: column;
}

.c2::after {
  content: ' ';
  padding-bottom: 24px;
}

.c21 {
  background: #222C59;
  box-shadow: 0 4px 16px rgba(0,0,0,0.24);
  border-collapse: collapse;
  border-spacing: 0;
  font-size: 12px;
  width: 100%;
  border-top-left-radius: 0;
  border-top-right-radius: 0;
  border-bottom-left-radius: 8px;
  border-bottom-right-radius: 8px;
}

.c21 > thead > tr > th,
.c21 > tbody > tr > th,
.c21 > tfoot > tr > th,
.c21 > thead > tr > td,
.c21 > tbody > tr > td,
.c21 > tfoot > tr > td {
  padding: 8px 8px;
  vertical-align: middle;
}

.c21 > thead > tr > th:first-child,
.c21 > tbody > tr > th:first-child,
.c21 > tfoot > tr > th:first-child,
.c21 > thead > tr > td:first-child,
.c21 > tbody > tr > td:first-child,
.c21 > tfoot > tr > td:first-child {
  padding-left: 24px;
}

.c21 > thead > tr > th:last-child,
.c21 > tbody > tr > th:last-child,
.c21 > tfoot > tr > th:last-child,
.c21 > thead > tr > td:last-child,
.c21 > tbody > tr > td:last-child,
.c21 > tfoot > tr > td:last-child {
  padding-right: 24px;
}

.c21 > tbody > tr > td {
  vertical-align: baseline;
}

.c21 > thead > tr > th {
  background: #111B48;
  color: #FFFFFF;
  cursor: pointer;
  font-size: 10px;
  font-weight: 400;
  padding-bottom: 0;
  padding-top: 0;
  text-align: left;
  opacity: 0.75;
  text-transform: uppercase;
  white-space: nowrap;
}

.c21 > thead > tr > th .c18 {
  font-weight: bold;
  font-size: 8px;
  margin-left: 8px;
}

.c21 > tbody > tr > td {
  color: rgba(255,255,255,0.87);
  line-height: 16px;
}

.c21 tbody tr {
  border-bottom: 1px solid #1C254D;
}

.c21 tbody tr:hover {
  background-color: rgb(37,49,98);
}

.c8 {
  padding: 16px 24px;
  display: flex;
  height: 24px;
  flex-shrink: 0;
  align-items: center;
  justify-content: space-between;
  background: #222C59;
  border-top-left-radius: 8px;
  border-top-right-radius: 8px;
}

.c17 {
  background: none;
  border: none;
  cursor: pointer;
  margin-left: 0;
  margin-right: 0;
}

.c17 .c18 {
  font-size: 20px;
  transition: all 0.3s;
  opacity: 0.5;
}

.c17:hover .c18,
.c17:focus .c18 {
  opacity: 1;
}

.c17:disabled {
  cursor: default;
}

.c17:disabled .c18 {
  opacity: 0.1;
}

.c20 {
  background: none;
  border: none;
  cursor: pointer;
  margin-left: 0;
}

.c20 .c18 {
  font-size: 20px;
  transition: all 0.3s;
  opacity: 0.5;
}

.c20:hover .c18,
.c20:focus .c18 {
  opacity: 1;
}

.c20:disabled {
  cursor: default;
}

.c20:disabled .c18 {
  opacity: 0.1;
}

.c11 {
  position: absolute;
  height: 100%;
  right: 0;
  display: flex;
  align-items: center;
  justify-content: center;
  background: #2C3A73;
  border-radius: 200px;
}

.c9 {
  position: relative;
  display: flex;
  overflow: hidden;
  width: 100%;
  border-radius: 200px;
  height: 32px;
  background: #111B48;
}

.c10 {
  border: none;
  outline: none;
  box-sizing: border-box;
  height: 100%;
  font-size: 12px;
  width: 100%;
  transition: all 0.2s;
  padding-left: 16px;
  padding-right: 16px;
  color: rgba(255,255,255,0.87);
  background: #111B48;
  padding-right: 184px;
}

.c10:hover,
.c10:focus,
.c10:active {
  background: #1C254D;
  box-shadow: inset 0 2px 4px rgba(0,0,0,.24);
  color: rgba(255,255,255,0.87);
}

.c10::placeholder {
  color: rgba(255,255,255,0.24);
  font-size: 12px;
}

.c22 tbody > tr > td {
  vertical-align: middle;
}

<div
  class="c0 c1 c2"
>
  <div
    class="c3 c4 c5"
  >
    <div
      class="c6 c7"
    >
      Active Sessions
    </div>
  </div>
  <nav
    class="c8"
  >
    <div
      class="c9"
    >
      <input
        class="c10"
        placeholder="SEARCH..."
        value=""
      />
      <div
        class="c11"
      />
    </div>
    <div
      class="c12 c13"
      width="100%"
    >
      <div
        class="c14 c4"
      >
        <div
          class="c15"
          color="primary.contrastText"
        >
          SHOWING 
          <strong>
            1
          </strong>
           - 
          <strong>
            2
          </strong>
           of
           
          <strong>
            2
          </strong>
        </div>
      </div>
      <div
        class="c16 c1"
      >
        <button
          class="c17"
          disabled=""
          title="Previous page"
        >
          <span
            class="c18 c19 icon icon-arrow-left-circle "
            color="light"
            font-size="3"
          />
        </button>
        <button
          class="c20"
          disabled=""
          title="Next page"
        >
          <span
            class="c18 c19 icon icon-arrow-right-circle "
            color="light"
            font-size="3"
          />
        </button>
      </div>
    </div>
  </nav>
  <table
    class="c21 c22"
  >
    <thead>
      <tr>
        <th>
          <a>
            Type
            <span
              class="c18 c23 icon icon-chevrons-expand-vertical "
              color="light"
              title="sort items"
            />
          </a>
        </th>
        <th>
          <a>
            Name
            <span
              class="c18 c23 icon icon-chevrons-expand-vertical "
              color="light"
              title="sort items"
            />
          </a>
        </th>
        <th
          style="cursor: default;"
        >
          Session ID
        </th>
        <th
          style="cursor: default;"
        >
          Users
        </th>
        <th>
          <a>
            Duration
            <span
              class="c18 c23 icon icon-chevron-up "
              color="light"
              title="sort items asc"
            />
          </a>
        </th>
        <th
          style="cursor: default;"
        />
      </tr>
    </thead>
    <tbody>
      <tr>
        <td>
          <span
            class="c18 c24 icon icon-kubernetes c18 c24"
            color="light"
            font-size="3"
          />
        </td>
        <td>
          minikube
        </td>
        <td>
          7174aded-340a-4863-b661-7ba52aeb22c8
        </td>
        <td>
          lisa2
        </td>
        <td>
          59 minutes
        </td>
        <td
          align="right"
          height="26px"
        />
      </tr>
      <tr>
        <td>
          <span
            class="c18 c24 icon icon-terminal c18 c24"
            color="light"
            font-size="3"
          />
        </td>
        <td>
          im-a-nodename
        </td>
        <td>
          c7befbb4-3885-4d08-a466-de832a73c3d4
        </td>
        <td>
          lisa2
        </td>
        <td>
          5 seconds
        </td>
        <td
          align="right"
          height="26px"
        >
          <a
            class="c25"
            href="/web/cluster/im-a-cluster-name/console/session/c7befbb4-3885-4d08-a466-de832a73c3d4"
            kind="primary"
            target="_blank"
            width="80px"
          >
            Join
          </a>
        </td>
      </tr>
    </tbody>
  </table>
</div>
`;
