// Jest Snapshot v1, https://goo.gl/fbAQLP

exports[`render DocumentBlank 1`] = `
.c0 {
  box-sizing: border-box;
  margin: -16px;
  height: 100%;
  width: 100%;
  background-color: #010B1C;
}

.c2 {
  box-sizing: border-box;
  flex: 1;
}

.c5 {
  line-height: 1.5;
  margin: 0;
  display: inline-flex;
  justify-content: center;
  align-items: center;
  box-sizing: border-box;
  border: none;
  border-radius: 4px;
  cursor: pointer;
  font-family: inherit;
  font-weight: 600;
  outline: none;
  position: relative;
  text-align: center;
  text-decoration: none;
  text-transform: uppercase;
  transition: all 0.3s;
  -webkit-font-smoothing: antialiased;
  background: #512FC9;
  color: rgba(255,255,255,0.87);
  min-height: 32px;
  font-size: 12px;
  padding: 0px 24px;
}

.c5:active {
  opacity: 0.56;
}

.c5:hover,
.c5:focus {
  background: #651FFF;
}

.c5:active {
  background: #354AA4;
}

.c5:disabled {
  background: rgba(255,255,255,0.12);
  color: rgba(255,255,255,0.3);
}

.c4 {
  display: inline-block;
  transition: color 0.3s;
  margin-top: 72px;
  margin-bottom: 40px;
  color: #01172C;
  font-size: 256px;
}

.c1 {
  display: flex;
}

.c3 {
  display: flex;
  align-items: center;
  flex-direction: column;
}

<div
  class="c0 c1"
  height="100%"
  style="position: absolute;"
  width="100%"
>
  <div
    class="c2 c1"
    style="overflow: auto; background: rgb(1, 11, 28); display: flex; position: relative;"
  >
    <div
      class="c2 c3"
    >
      <span
        class="c4 icon icon-terminal "
        color="#01172C"
        font-size="256px"
      />
      <button
        class="c5"
        kind="primary"
      >
        Start a New Session
      </button>
    </div>
  </div>
</div>
`;
