// Jest Snapshot v1, https://goo.gl/fbAQLP

exports[`empty state 1`] = `
.c0 {
  box-sizing: border-box;
  padding-left: 40px;
  padding-right: 40px;
}

.c3 {
  box-sizing: border-box;
  margin-bottom: 24px;
}

.c8 {
  box-sizing: border-box;
  padding: 56px;
  padding-top: 32px;
  margin-left: auto;
  margin-right: auto;
  width: 100%;
}

.c10 {
  box-sizing: border-box;
  max-width: 600px;
}

.c11 {
  box-sizing: border-box;
  margin-bottom: 24px;
  text-align: center;
}

.c15 {
  box-sizing: border-box;
  text-align: center;
}

.c16 {
  line-height: 1.5;
  margin: 0;
  display: inline-flex;
  justify-content: center;
  align-items: center;
  box-sizing: border-box;
  border: none;
  border-radius: 4px;
  cursor: pointer;
  font-family: inherit;
  font-weight: 600;
  outline: none;
  position: relative;
  text-align: center;
  text-decoration: none;
  text-transform: uppercase;
  transition: all 0.3s;
  -webkit-font-smoothing: antialiased;
  background: #512FC9;
  color: rgba(255,255,255,0.87);
  min-height: 32px;
  font-size: 12px;
  padding: 0px 24px;
  width: 224px;
}

.c16:active {
  opacity: 0.56;
}

.c16:hover,
.c16:focus {
  background: #651FFF;
}

.c16:active {
  background: #354AA4;
}

.c16:disabled {
  background: rgba(255,255,255,0.12);
  color: rgba(255,255,255,0.3);
}

.c17 {
  line-height: 1.5;
  border-radius: 4px;
  display: inline-flex;
  justify-content: center;
  align-items: center;
  border: 1px solid;
  box-sizing: border-box;
  background-color: transparent;
  cursor: pointer;
  font-family: inherit;
  font-weight: bold;
  outline: none;
  opacity: 0.56;
  position: relative;
  text-align: center;
  text-decoration: none;
  text-transform: uppercase;
  transition: all 0.3s;
  -webkit-font-smoothing: antialiased;
  border-color: rgba(255,255,255,0.87);
  color: #FFFFFF;
  min-height: 32px;
  font-size: 12px;
  padding: 0px 24px;
  margin-left: 24px;
  width: 224px;
  border-color: rgba(255,255,255,0.87);
  color: rgba(255,255,255,0.87);
}

.c17:hover {
  opacity: 1;
}

.c17:active {
  opacity: 0.24;
}

.c17 > span {
  display: flex;
  align-items: center;
  justify-content: center;
}

.c17:hover,
.c17:focus {
  border-color: #FFFFFF;
  color: #FFFFFF;
}

.c17:disabled {
  background: rgba(255,255,255,0.12);
  color: rgba(255,255,255,0.3);
}

.c17:hover,
.c17:focus {
  border-color: #FFFFFF;
  color: #FFFFFF;
}

.c1 {
  display: flex;
}

.c4 {
  display: flex;
  align-items: center;
  justify-content: space-between;
}

.c9 {
  display: flex;
  align-items: center;
  justify-content: center;
}

.c6 {
  overflow: hidden;
  text-overflow: ellipsis;
  font-weight: 300;
  font-size: 22px;
  line-height: 32px;
  margin: 0;
}

.c13 {
  overflow: hidden;
  text-overflow: ellipsis;
  font-weight: 400;
  font-size: 16px;
  line-height: 24px;
  font-size: 24px;
  margin-bottom: 8px;
  margin: 0;
  font-weight: 700;
  font-weight: 700;
}

.c14 {
  overflow: hidden;
  text-overflow: ellipsis;
  font-size: 14px;
  margin: 0;
  font-weight: 400;
  font-weight: 400;
}

.c12 {
  display: block;
  outline: none;
  margin-left: auto;
  margin-right: auto;
  margin-bottom: 24px;
  height: 160px;
}

.c5 {
  flex-shrink: 0;
  border-bottom: 1px solid #1C254D;
  height: 56px;
  margin-left: -40px;
  margin-right: -40px;
  padding-left: 40px;
  padding-right: 40px;
}

.c7 {
  white-space: nowrap;
}

.c2 {
  overflow: auto;
  width: 100%;
  height: 100%;
  flex-direction: column;
}

.c2::after {
  content: ' ';
  padding-bottom: 24px;
}

<div>
  <div
    class="c0 c1 c2"
  >
    <div
      class="c3 c4 c5"
    >
      <div
        class="c6 c7"
      >
        Kubernetes
      </div>
    </div>
    <div
      class="c8 c9 sc-gsnTZi c8"
      width="100%"
    >
      <div
        class="c10"
      >
        <div
          class="c11"
        >
          <img
            class="c12"
            height="160px"
            src="file_stub"
          />
          <div
            class="c13"
            font-size="24"
            font-weight="700"
          >
            Add your first Kubernetes cluster to Teleport
          </div>
          <div
            class="c14"
            font-size="14"
            font-weight="400"
            style="opacity: 0.6;"
          >
            Teleport Kubenetes Access provides secure access to Kubernetes clusters.
          </div>
        </div>
        <div
          class="c15"
        >
          <a
            href="/web/discover"
            style="text-decoration: none;"
          >
            <button
              class="c16"
              kind="primary"
              width="224px"
            >
              Add 
              kubernetes
            </button>
          </a>
          <a
            class="c17"
            href="https://goteleport.com/docs/kubernetes-access/guides"
            rel="noreferrer"
            target="_blank"
            width="224px"
          >
            <span>
              View Documentation
            </span>
          </a>
        </div>
      </div>
    </div>
  </div>
</div>
`;

exports[`failed 1`] = `
.c8 {
  display: flex;
  align-items: center;
  justify-content: center;
  border-radius: 2px;
  box-sizing: border-box;
  box-shadow: 0 1px 4px rgba(0,0,0,0.24);
  margin: 0 0 24px 0;
  min-height: 40px;
  padding: 8px 16px;
  overflow: auto;
  word-break: break-word;
  line-height: 1.5;
  background: #f50057;
  color: #FFFFFF;
}

.c8 a {
  color: #FFFFFF;
}

.c0 {
  box-sizing: border-box;
  padding-left: 40px;
  padding-right: 40px;
}

.c3 {
  box-sizing: border-box;
  margin-bottom: 24px;
}

.c10 {
  box-sizing: border-box;
  width: 100%;
}

.c11 {
  box-sizing: border-box;
}

.c13 {
  box-sizing: border-box;
  margin-right: 16px;
  width: 100%;
}

.c32 {
  box-sizing: border-box;
  margin-right: 8px;
}

.c29 {
  line-height: 1.5;
  margin: 0;
  display: inline-flex;
  justify-content: center;
  align-items: center;
  box-sizing: border-box;
  border: none;
  border-radius: 4px;
  cursor: pointer;
  font-family: inherit;
  font-weight: 600;
  outline: none;
  position: relative;
  text-align: center;
  text-decoration: none;
  text-transform: uppercase;
  transition: all 0.3s;
  -webkit-font-smoothing: antialiased;
  background: #2C3A73;
  border: 1px solid #1C254D;
  opacity: .87;
  color: rgba(255,255,255,0.87);
  font-size: 10px;
  min-height: 24px;
  padding: 0px 16px;
}

.c29:active {
  opacity: 0.56;
}

.c29:hover,
.c29:focus {
  background: #2C3A73;
  border: 1px solid rgba(255,255,255,0.1);
  opacity: 1;
}

.c29:active {
  opacity: 0.24;
}

.c29:disabled {
  background: rgba(255,255,255,0.12);
  color: rgba(255,255,255,0.3);
}

.c24 {
  display: inline-block;
  transition: color 0.3s;
  color: #FFFFFF;
}

.c34 {
  display: inline-block;
  transition: color 0.3s;
  color: #FFFFFF;
  font-size: 16px;
}

.c1 {
  display: flex;
}

.c4 {
  display: flex;
  align-items: center;
  justify-content: space-between;
}

.c12 {
  display: flex;
  align-items: center;
}

.c31 {
  display: flex;
  justify-content: flex-end;
}

.c27 {
  box-sizing: border-box;
  border-radius: 100px;
  display: inline-flex;
  align-items: center;
  justify-content: center;
  min-height: 16px;
  line-height: 1.4;
  font-size: 10px;
  font-weight: 500;
  padding: 0 8px;
  background-color: #111B48;
  color: rgba(255,255,255,0.87);
  margin-right: 4px;
  margin-bottom: 4px;
}

.c6 {
  overflow: hidden;
  text-overflow: ellipsis;
  font-weight: 300;
  font-size: 22px;
  line-height: 32px;
  margin: 0;
}

.c22 {
  overflow: hidden;
  text-overflow: ellipsis;
  font-weight: 300;
  font-size: 12px;
  line-height: 24px;
  margin: 0;
}

.c25 {
  overflow: hidden;
  text-overflow: ellipsis;
  font-weight: 400;
  font-size: 12px;
  line-height: 16px;
  margin-right: 4px;
  margin: 0;
  color: #FFFFFF;
}

.c26 {
  background: #222C59;
  box-shadow: 0 4px 16px rgba(0,0,0,0.24);
  border-collapse: collapse;
  border-spacing: 0;
  font-size: 12px;
  width: 100%;
}

.c26 > thead > tr > th,
.c26 > tbody > tr > th,
.c26 > tfoot > tr > th,
.c26 > thead > tr > td,
.c26 > tbody > tr > td,
.c26 > tfoot > tr > td {
  padding: 8px 8px;
  vertical-align: middle;
}

.c26 > thead > tr > th:first-child,
.c26 > tbody > tr > th:first-child,
.c26 > tfoot > tr > th:first-child,
.c26 > thead > tr > td:first-child,
.c26 > tbody > tr > td:first-child,
.c26 > tfoot > tr > td:first-child {
  padding-left: 24px;
}

.c26 > thead > tr > th:last-child,
.c26 > tbody > tr > th:last-child,
.c26 > tfoot > tr > th:last-child,
.c26 > thead > tr > td:last-child,
.c26 > tbody > tr > td:last-child,
.c26 > tfoot > tr > td:last-child {
  padding-right: 24px;
}

.c26 > tbody > tr > td {
  vertical-align: baseline;
}

.c26 > thead > tr > th {
  background: #111B48;
  color: #FFFFFF;
  cursor: pointer;
  font-size: 10px;
  font-weight: 400;
  padding-bottom: 0;
  padding-top: 0;
  text-align: left;
  opacity: 0.75;
  text-transform: uppercase;
  white-space: nowrap;
}

.c26 > thead > tr > th .c23 {
  font-weight: bold;
  font-size: 8px;
  margin-left: 8px;
}

.c26 > tbody > tr > td {
  color: rgba(255,255,255,0.87);
  line-height: 16px;
}

.c26 tbody tr {
  border-bottom: 1px solid #1C254D;
}

.c26 tbody tr:hover {
  background-color: rgb(37,49,98);
}

.c9 {
  padding: 16px 24px;
  display: flex;
  height: 24px;
  flex-shrink: 0;
  align-items: center;
  justify-content: space-between;
  background: #222C59;
  border-top-left-radius: 8px;
  border-top-right-radius: 8px;
}

.c30 {
  padding: 16px 24px;
  display: flex;
  height: 24px;
  flex-shrink: 0;
  align-items: center;
  justify-content: space-between;
  background: #222C59;
  border-bottom-left-radius: 8px;
  border-bottom-right-radius: 8px;
}

.c28 {
  cursor: pointer;
}

.c33 {
  background: none;
  border: none;
  cursor: pointer;
  margin-left: 0;
  margin-right: 0;
}

.c33 .c23 {
  font-size: 20px;
  transition: all 0.3s;
  opacity: 0.5;
}

.c33:hover .c23,
.c33:focus .c23 {
  opacity: 1;
}

.c33:disabled {
  cursor: default;
}

.c33:disabled .c23 {
  opacity: 0.1;
}

.c35 {
  background: none;
  border: none;
  cursor: pointer;
  margin-left: 0;
}

.c35 .c23 {
  font-size: 20px;
  transition: all 0.3s;
  opacity: 0.5;
}

.c35:hover .c23,
.c35:focus .c23 {
  opacity: 1;
}

.c35:disabled {
  cursor: default;
}

.c35:disabled .c23 {
  opacity: 0.1;
}

.c16 {
  position: absolute;
  height: 100%;
  right: 0;
  display: flex;
  align-items: center;
  justify-content: center;
  background: #2C3A73;
  border-radius: 200px;
}

.c14 {
  position: relative;
  display: flex;
  overflow: hidden;
  width: 100%;
  border-radius: 200px;
  height: 32px;
  background: #111B48;
}

.c15 {
  border: none;
  outline: none;
  box-sizing: border-box;
  height: 100%;
  font-size: 12px;
  width: 100%;
  transition: all 0.2s;
  padding-left: 16px;
  padding-right: 16px;
  color: rgba(255,255,255,0.87);
  background: #111B48;
  padding-right: 184px;
}

.c15:hover,
.c15:focus,
.c15:active {
  background: #1C254D;
  box-shadow: inset 0 2px 4px rgba(0,0,0,.24);
  color: rgba(255,255,255,0.87);
}

.c15::placeholder {
  color: rgba(255,255,255,0.24);
  font-size: 12px;
}

.c18 {
  position: relative;
  display: flex;
  align-items: center;
  cursor: pointer;
}

.c21 {
  width: 32px;
  height: 12px;
  border-radius: 12px;
  background: #222C59;
  cursor: inherit;
  flex-shrink: 0;
}

.c21:before {
  content: '';
  position: absolute;
  top: 50%;
  transform: translate(0,-50%);
  width: 16px;
  height: 16px;
  border-radius: 16px;
  background: #651FFF;
}

.c19 {
  opacity: 0;
  position: absolute;
  cursor: inherit;
}

.c19:checked + .c20 {
  background: #512FC9;
}

.c19:checked + .c20:before {
  transform: translate(16px,-50%);
}

.c19:disabled + .c20 {
  background: #222C59;
}

.c19:disabled + .c20:before {
  background: #455a64;
}

.c17 {
  display: flex;
  align-items: center;
  justify-content: space-around;
  padding-right: 16px;
  padding-left: 16px;
  width: 120px;
}

.c5 {
  flex-shrink: 0;
  border-bottom: 1px solid #1C254D;
  height: 56px;
  margin-left: -40px;
  margin-right: -40px;
  padding-left: 40px;
  padding-right: 40px;
}

.c7 {
  white-space: nowrap;
}

.c2 {
  overflow: auto;
  width: 100%;
  height: 100%;
  flex-direction: column;
}

.c2::after {
  content: ' ';
  padding-bottom: 24px;
}

<div
  class="c0 c1 c2"
>
  <div
    class="c3 c4 c5"
  >
    <div
      class="c6 c7"
    >
      Kubernetes
    </div>
  </div>
  <div
    class="c8"
    kind="danger"
  >
    <div>
      server error
    </div>
  </div>
  <form
    class="c9"
  >
    <div
      class="c10 c4"
      width="100%"
    >
      <div
        class="c11 c12"
        style="width: 70%;"
      >
        <div
          class="c13"
          width="100%"
        >
          <div
            class="c14"
          >
            <input
              class="c15"
              placeholder="SEARCH..."
              value=""
            />
            <div
              class="c16"
            >
              <div
                class="c17"
              >
                <label
                  class="c18"
                >
                  <input
                    class="c19"
                    type="checkbox"
                  />
                  <div
                    class="c20 c21"
                  />
                </label>
                <div
                  class="c22"
                >
                  Advanced
                </div>
              </div>
            </div>
          </div>
        </div>
        <div
          style="line-height: 0px;"
        >
          <span
            class="c23 c24 icon icon-info_outline "
            color="light"
            style="cursor: pointer; font-size: 20px;"
          />
        </div>
      </div>
      <div
        class="c11 c1"
      >
        <div
          class="c25"
          color="primary.contrastText"
        >
          SHOWING 
          <strong>
            1
          </strong>
           - 
          <strong>
            3
          </strong>
           of
           
          <strong>
            3
          </strong>
        </div>
      </div>
    </div>
  </form>
  <table
    class="c26"
  >
    <thead>
      <tr>
        <th>
          <a>
            Name
            <span
              class="c23 c24 icon icon-chevron-up "
              color="light"
              title="sort items asc"
            />
          </a>
        </th>
        <th
          style="cursor: default;"
        >
          Labels
        </th>
        <th
          style="cursor: default;"
        />
      </tr>
    </thead>
    <tbody>
      <tr>
        <td>
          tele.logicoma.dev-prod
        </td>
        <td>
          <div
            class="c27 c28"
            kind="secondary"
          >
            kernel: 4.15.0-51-generic
          </div>
          <div
            class="c27 c28"
            kind="secondary"
          >
            env: prod
          </div>
        </td>
        <td
          align="right"
        >
          <button
            class="c29"
            kind="border"
          >
            Connect
          </button>
        </td>
      </tr>
      <tr>
        <td>
          tele.logicoma.dev-staging
        </td>
        <td>
          <div
            class="c27 c28"
            kind="secondary"
          >
            env: staging
          </div>
        </td>
        <td
          align="right"
        >
          <button
            class="c29"
            kind="border"
          >
            Connect
          </button>
        </td>
      </tr>
      <tr>
        <td>
          cookie
        </td>
        <td>
          <div
            class="c27 c28"
            kind="secondary"
          >
            cluster-name: some-cluster-name
          </div>
          <div
            class="c27 c28"
            kind="secondary"
          >
            env: idk
          </div>
        </td>
        <td
          align="right"
        >
          <button
            class="c29"
            kind="border"
          >
            Connect
          </button>
        </td>
      </tr>
    </tbody>
  </table>
  <nav
    class="c30"
  >
    <div
      class="c10 c31"
      width="100%"
    >
      <div
        class="c32 c12"
      />
      <div
        class="c11 c1"
      >
        <button
          class="c33"
          disabled=""
          title="Previous page"
        >
          <span
            class="c23 c34 icon icon-arrow-left-circle "
            color="light"
            font-size="3"
          />
        </button>
        <button
          class="c35"
          disabled=""
          title="Next page"
        >
          <span
            class="c23 c34 icon icon-arrow-right-circle "
            color="light"
            font-size="3"
          />
        </button>
      </div>
    </div>
  </nav>
  
</div>
`;

exports[`loaded 1`] = `
.c0 {
  box-sizing: border-box;
  padding-left: 40px;
  padding-right: 40px;
}

.c3 {
  box-sizing: border-box;
  margin-bottom: 24px;
}

.c10 {
  box-sizing: border-box;
  width: 100%;
}

.c11 {
  box-sizing: border-box;
}

.c13 {
  box-sizing: border-box;
  margin-right: 16px;
  width: 100%;
}

.c32 {
  box-sizing: border-box;
  margin-right: 8px;
}

.c8 {
  line-height: 1.5;
  margin: 0;
  display: inline-flex;
  justify-content: center;
  align-items: center;
  box-sizing: border-box;
  border: none;
  border-radius: 4px;
  cursor: pointer;
  font-family: inherit;
  font-weight: 600;
  outline: none;
  position: relative;
  text-align: center;
  text-decoration: none;
  text-transform: uppercase;
  transition: all 0.3s;
  -webkit-font-smoothing: antialiased;
  background: #512FC9;
  color: rgba(255,255,255,0.87);
  min-height: 32px;
  font-size: 12px;
  padding: 0px 24px;
  width: 240px;
}

.c8:active {
  opacity: 0.56;
}

.c8:hover,
.c8:focus {
  background: #651FFF;
}

.c8:active {
  background: #354AA4;
}

.c8:disabled {
  background: rgba(255,255,255,0.12);
  color: rgba(255,255,255,0.3);
}

.c29 {
  line-height: 1.5;
  margin: 0;
  display: inline-flex;
  justify-content: center;
  align-items: center;
  box-sizing: border-box;
  border: none;
  border-radius: 4px;
  cursor: pointer;
  font-family: inherit;
  font-weight: 600;
  outline: none;
  position: relative;
  text-align: center;
  text-decoration: none;
  text-transform: uppercase;
  transition: all 0.3s;
  -webkit-font-smoothing: antialiased;
  background: #2C3A73;
  border: 1px solid #1C254D;
  opacity: .87;
  color: rgba(255,255,255,0.87);
  font-size: 10px;
  min-height: 24px;
  padding: 0px 16px;
}

.c29:active {
  opacity: 0.56;
}

.c29:hover,
.c29:focus {
  background: #2C3A73;
  border: 1px solid rgba(255,255,255,0.1);
  opacity: 1;
}

.c29:active {
  opacity: 0.24;
}

.c29:disabled {
  background: rgba(255,255,255,0.12);
  color: rgba(255,255,255,0.3);
}

.c24 {
  display: inline-block;
  transition: color 0.3s;
  color: #FFFFFF;
}

.c34 {
  display: inline-block;
  transition: color 0.3s;
  color: #FFFFFF;
  font-size: 16px;
}

.c1 {
  display: flex;
}

.c4 {
  display: flex;
  align-items: center;
  justify-content: space-between;
}

.c12 {
  display: flex;
  align-items: center;
}

.c31 {
  display: flex;
  justify-content: flex-end;
}

.c27 {
  box-sizing: border-box;
  border-radius: 100px;
  display: inline-flex;
  align-items: center;
  justify-content: center;
  min-height: 16px;
  line-height: 1.4;
  font-size: 10px;
  font-weight: 500;
  padding: 0 8px;
  background-color: #111B48;
  color: rgba(255,255,255,0.87);
  margin-right: 4px;
  margin-bottom: 4px;
}

.c6 {
  overflow: hidden;
  text-overflow: ellipsis;
  font-weight: 300;
  font-size: 22px;
  line-height: 32px;
  margin: 0;
}

.c22 {
  overflow: hidden;
  text-overflow: ellipsis;
  font-weight: 300;
  font-size: 12px;
  line-height: 24px;
  margin: 0;
}

.c25 {
  overflow: hidden;
  text-overflow: ellipsis;
  font-weight: 400;
  font-size: 12px;
  line-height: 16px;
  margin-right: 4px;
  margin: 0;
  color: #FFFFFF;
}

.c26 {
  background: #222C59;
  box-shadow: 0 4px 16px rgba(0,0,0,0.24);
  border-collapse: collapse;
  border-spacing: 0;
  font-size: 12px;
  width: 100%;
}

.c26 > thead > tr > th,
.c26 > tbody > tr > th,
.c26 > tfoot > tr > th,
.c26 > thead > tr > td,
.c26 > tbody > tr > td,
.c26 > tfoot > tr > td {
  padding: 8px 8px;
  vertical-align: middle;
}

.c26 > thead > tr > th:first-child,
.c26 > tbody > tr > th:first-child,
.c26 > tfoot > tr > th:first-child,
.c26 > thead > tr > td:first-child,
.c26 > tbody > tr > td:first-child,
.c26 > tfoot > tr > td:first-child {
  padding-left: 24px;
}

.c26 > thead > tr > th:last-child,
.c26 > tbody > tr > th:last-child,
.c26 > tfoot > tr > th:last-child,
.c26 > thead > tr > td:last-child,
.c26 > tbody > tr > td:last-child,
.c26 > tfoot > tr > td:last-child {
  padding-right: 24px;
}

.c26 > tbody > tr > td {
  vertical-align: baseline;
}

.c26 > thead > tr > th {
  background: #111B48;
  color: #FFFFFF;
  cursor: pointer;
  font-size: 10px;
  font-weight: 400;
  padding-bottom: 0;
  padding-top: 0;
  text-align: left;
  opacity: 0.75;
  text-transform: uppercase;
  white-space: nowrap;
}

.c26 > thead > tr > th .c23 {
  font-weight: bold;
  font-size: 8px;
  margin-left: 8px;
}

.c26 > tbody > tr > td {
  color: rgba(255,255,255,0.87);
  line-height: 16px;
}

.c26 tbody tr {
  border-bottom: 1px solid #1C254D;
}

.c26 tbody tr:hover {
  background-color: rgb(37,49,98);
}

.c9 {
  padding: 16px 24px;
  display: flex;
  height: 24px;
  flex-shrink: 0;
  align-items: center;
  justify-content: space-between;
  background: #222C59;
  border-top-left-radius: 8px;
  border-top-right-radius: 8px;
}

.c30 {
  padding: 16px 24px;
  display: flex;
  height: 24px;
  flex-shrink: 0;
  align-items: center;
  justify-content: space-between;
  background: #222C59;
  border-bottom-left-radius: 8px;
  border-bottom-right-radius: 8px;
}

.c28 {
  cursor: pointer;
}

.c33 {
  background: none;
  border: none;
  cursor: pointer;
  margin-left: 0;
  margin-right: 0;
}

.c33 .c23 {
  font-size: 20px;
  transition: all 0.3s;
  opacity: 0.5;
}

.c33:hover .c23,
.c33:focus .c23 {
  opacity: 1;
}

.c33:disabled {
  cursor: default;
}

.c33:disabled .c23 {
  opacity: 0.1;
}

.c35 {
  background: none;
  border: none;
  cursor: pointer;
  margin-left: 0;
}

.c35 .c23 {
  font-size: 20px;
  transition: all 0.3s;
  opacity: 0.5;
}

.c35:hover .c23,
.c35:focus .c23 {
  opacity: 1;
}

.c35:disabled {
  cursor: default;
}

.c35:disabled .c23 {
  opacity: 0.1;
}

.c16 {
  position: absolute;
  height: 100%;
  right: 0;
  display: flex;
  align-items: center;
  justify-content: center;
  background: #2C3A73;
  border-radius: 200px;
}

.c14 {
  position: relative;
  display: flex;
  overflow: hidden;
  width: 100%;
  border-radius: 200px;
  height: 32px;
  background: #111B48;
}

.c15 {
  border: none;
  outline: none;
  box-sizing: border-box;
  height: 100%;
  font-size: 12px;
  width: 100%;
  transition: all 0.2s;
  padding-left: 16px;
  padding-right: 16px;
  color: rgba(255,255,255,0.87);
  background: #111B48;
  padding-right: 184px;
}

.c15:hover,
.c15:focus,
.c15:active {
  background: #1C254D;
  box-shadow: inset 0 2px 4px rgba(0,0,0,.24);
  color: rgba(255,255,255,0.87);
}

.c15::placeholder {
  color: rgba(255,255,255,0.24);
  font-size: 12px;
}

.c18 {
  position: relative;
  display: flex;
  align-items: center;
  cursor: pointer;
}

.c21 {
  width: 32px;
  height: 12px;
  border-radius: 12px;
  background: #222C59;
  cursor: inherit;
  flex-shrink: 0;
}

.c21:before {
  content: '';
  position: absolute;
  top: 50%;
  transform: translate(0,-50%);
  width: 16px;
  height: 16px;
  border-radius: 16px;
  background: #651FFF;
}

.c19 {
  opacity: 0;
  position: absolute;
  cursor: inherit;
}

.c19:checked + .c20 {
  background: #512FC9;
}

.c19:checked + .c20:before {
  transform: translate(16px,-50%);
}

.c19:disabled + .c20 {
  background: #222C59;
}

.c19:disabled + .c20:before {
  background: #455a64;
}

.c17 {
  display: flex;
  align-items: center;
  justify-content: space-around;
  padding-right: 16px;
  padding-left: 16px;
  width: 120px;
}

.c5 {
  flex-shrink: 0;
  border-bottom: 1px solid #1C254D;
  height: 56px;
  margin-left: -40px;
  margin-right: -40px;
  padding-left: 40px;
  padding-right: 40px;
}

.c7 {
  white-space: nowrap;
}

.c2 {
  overflow: auto;
  width: 100%;
  height: 100%;
  flex-direction: column;
}

.c2::after {
  content: ' ';
  padding-bottom: 24px;
}

<div
  class="c0 c1 c2"
>
  <div
    class="c3 c4 c5"
  >
    <div
      class="c6 c7"
    >
      Kubernetes
    </div>
    <a
      href="/web/discover"
      style="text-decoration: none;"
    >
      <button
        class="c8"
        kind="primary"
        title=""
        width="240px"
      >
        Add 
        kubernetes
      </button>
    </a>
  </div>
  <form
    class="c9"
  >
    <div
      class="c10 c4"
      width="100%"
    >
      <div
        class="c11 c12"
        style="width: 70%;"
      >
        <div
          class="c13"
          width="100%"
        >
          <div
            class="c14"
          >
            <input
              class="c15"
              placeholder="SEARCH..."
              value=""
            />
            <div
              class="c16"
            >
              <div
                class="c17"
              >
                <label
                  class="c18"
                >
                  <input
                    class="c19"
                    type="checkbox"
                  />
                  <div
                    class="c20 c21"
                  />
                </label>
                <div
                  class="c22"
                >
                  Advanced
                </div>
              </div>
            </div>
          </div>
        </div>
        <div
          style="line-height: 0px;"
        >
          <span
            class="c23 c24 icon icon-info_outline "
            color="light"
            style="cursor: pointer; font-size: 20px;"
          />
        </div>
      </div>
      <div
        class="c11 c1"
      >
        <div
          class="c25"
          color="primary.contrastText"
        >
          SHOWING 
          <strong>
            1
          </strong>
           - 
          <strong>
            3
          </strong>
           of
           
          <strong>
            3
          </strong>
        </div>
      </div>
    </div>
  </form>
  <table
    class="c26"
  >
    <thead>
      <tr>
        <th>
          <a>
            Name
            <span
              class="c23 c24 icon icon-chevron-up "
              color="light"
              title="sort items asc"
            />
          </a>
        </th>
        <th
          style="cursor: default;"
        >
          Labels
        </th>
        <th
          style="cursor: default;"
        />
      </tr>
    </thead>
    <tbody>
      <tr>
        <td>
          tele.logicoma.dev-prod
        </td>
        <td>
          <div
            class="c27 c28"
            kind="secondary"
          >
            kernel: 4.15.0-51-generic
          </div>
          <div
            class="c27 c28"
            kind="secondary"
          >
            env: prod
          </div>
        </td>
        <td
          align="right"
        >
          <button
            class="c29"
            kind="border"
          >
            Connect
          </button>
        </td>
      </tr>
      <tr>
        <td>
          tele.logicoma.dev-staging
        </td>
        <td>
          <div
            class="c27 c28"
            kind="secondary"
          >
            env: staging
          </div>
        </td>
        <td
          align="right"
        >
          <button
            class="c29"
            kind="border"
          >
            Connect
          </button>
        </td>
      </tr>
      <tr>
        <td>
          cookie
        </td>
        <td>
          <div
            class="c27 c28"
            kind="secondary"
          >
            cluster-name: some-cluster-name
          </div>
          <div
            class="c27 c28"
            kind="secondary"
          >
            env: idk
          </div>
        </td>
        <td
          align="right"
        >
          <button
            class="c29"
            kind="border"
          >
            Connect
          </button>
        </td>
      </tr>
    </tbody>
  </table>
  <nav
    class="c30"
  >
    <div
      class="c10 c31"
      width="100%"
    >
      <div
        class="c32 c12"
      />
      <div
        class="c11 c1"
      >
        <button
          class="c33"
          disabled=""
          title="Previous page"
        >
          <span
            class="c23 c34 icon icon-arrow-left-circle "
            color="light"
            font-size="3"
          />
        </button>
        <button
          class="c35"
          disabled=""
          title="Next page"
        >
          <span
            class="c23 c34 icon icon-arrow-right-circle "
            color="light"
            font-size="3"
          />
        </button>
      </div>
    </div>
  </nav>
  
</div>
`;

exports[`readonly empty state 1`] = `
.c0 {
  box-sizing: border-box;
  padding-left: 40px;
  padding-right: 40px;
}

.c3 {
  box-sizing: border-box;
  margin-bottom: 24px;
}

.c8 {
  box-sizing: border-box;
  max-width: 664px;
  padding: 56px;
  margin-left: auto;
  margin-right: auto;
  color: rgba(255,255,255,0.87);
  text-align: center;
  border-radius: 12px;
  border-radius: 12px;
}

.c1 {
  display: flex;
}

.c4 {
  display: flex;
  align-items: center;
  justify-content: space-between;
}

.c6 {
  overflow: hidden;
  text-overflow: ellipsis;
  font-weight: 300;
  font-size: 22px;
  line-height: 32px;
  margin: 0;
}

.c9 {
  overflow: hidden;
  text-overflow: ellipsis;
  font-weight: 300;
  font-size: 28px;
  line-height: 32px;
  margin-bottom: 16px;
  margin: 0;
}

.c10 {
  overflow: hidden;
  text-overflow: ellipsis;
  margin: 0;
}

.c11 {
  overflow: hidden;
  text-overflow: ellipsis;
  font-weight: 600;
  margin: 0;
}

.c5 {
  flex-shrink: 0;
  border-bottom: 1px solid #1C254D;
  height: 56px;
  margin-left: -40px;
  margin-right: -40px;
  padding-left: 40px;
  padding-right: 40px;
}

.c7 {
  white-space: nowrap;
}

.c2 {
  overflow: auto;
  width: 100%;
  height: 100%;
  flex-direction: column;
}

.c2::after {
  content: ' ';
  padding-bottom: 24px;
}

<div>
  <div
    class="c0 c1 c2"
  >
    <div
      class="c3 c4 c5"
    >
      <div
        class="c6 c7"
      >
        Kubernetes
      </div>
    </div>
    <div
      class="c8"
      color="text.primary"
    >
      <div
        class="c9"
      >
        No Kubernetes Clusters Found
      </div>
      <div
        class="c10"
      >
        Either there are no 
        kubernetes clusters
         in the "
        <span
          class="c11"
        >
          im-a-cluster
        </span>
        " cluster, or your roles don't grant you access.
      </div>
    </div>
  </div>
</div>
`;
