// Jest Snapshot v1, https://goo.gl/fbAQLP

exports[`support Cloud 1`] = `
.c0 {
  box-sizing: border-box;
  padding-top: 24px;
  padding-left: 40px;
  padding-right: 40px;
}

.c3 {
  box-sizing: border-box;
  padding-left: 32px;
  padding-right: 32px;
  padding-top: 4px;
  padding-bottom: 40px;
  background-color: #222C59;
}

.c5 {
  box-sizing: border-box;
}

.c7 {
  box-sizing: border-box;
  margin-bottom: 16px;
  margin-top: 24px;
  padding-bottom: 8px;
  width: 210px;
  border-bottom: 1px solid;
  border-color: #111B48;
  border-color: #111B48;
}

.c13 {
  box-sizing: border-box;
  margin-top: 24px;
  padding-left: 32px;
  padding-right: 32px;
  padding-top: 24px;
  padding-bottom: 24px;
  border: 1px solid;
  border-color: #222C59;
  border-radius: 8px;
  border-radius: 8px;
  border-color: #222C59;
}

.c15 {
  box-sizing: border-box;
  margin-bottom: 16px;
}

.c10 {
  display: inline-block;
  transition: color 0.3s;
  color: #FFFFFF;
}

.c1 {
  display: flex;
}

.c6 {
  display: flex;
  justify-content: space-between;
  flex-wrap: wrap;
}

.c8 {
  display: flex;
  align-items: center;
}

.c9 {
  overflow: hidden;
  text-overflow: ellipsis;
  font-size: 18px;
  padding-right: 8px;
  margin: 0;
}

.c11 {
  overflow: hidden;
  text-overflow: ellipsis;
  text-transform: uppercase;
  margin: 0;
}

.c14 {
  overflow: hidden;
  text-overflow: ellipsis;
  text-transform: uppercase;
  margin-bottom: 24px;
  margin: 0;
  font-weight: 600;
  font-weight: 600;
}

.c16 {
  overflow: hidden;
  text-overflow: ellipsis;
  font-weight: 600;
  font-size: 12px;
  line-height: 16px;
  margin: 0;
}

.c17 {
  overflow: hidden;
  text-overflow: ellipsis;
  font-weight: 400;
  font-size: 12px;
  line-height: 16px;
  margin: 0;
}

.c4 {
  box-shadow: 0 4px 16px rgba(0,0,0,0.24);
  border-radius: 8px;
}

.c2 {
  overflow: auto;
  width: 100%;
  height: 100%;
  flex-direction: column;
}

.c2::after {
  content: ' ';
  padding-bottom: 24px;
}

.c12 {
  display: block;
  color: #FFFFFF;
  border-radius: 4px;
  text-decoration: none;
  margin-bottom: 8px;
  padding: 4px 8px;
  transition: all 0.3s;
  font-weight: 400;
  font-size: 12px;
  line-height: 16px;
}

.c12:hover,
.c12:focus {
  background: #2C3A73;
}

<div
  class="c0 c1 c2"
>
  <div
    class="c3 c4"
  >
    <div
      class="c5 c6"
    >
      <div
        class="c5"
      >
        <div
          class="c7 c8"
          width="210"
        >
          <div
            class="c9"
            font-size="18"
          >
            <span
              class="c10 icon icon-local_play "
              color="light"
            />
          </div>
          <h5
            class="c11"
          >
            Support
          </h5>
        </div>
        <a
          class="c12"
          href="https://github.com/gravitational/teleport/discussions"
          rel="noreferrer"
        >
          Ask the Community Questions
        </a>
        <a
          class="c12"
          href="https://github.com/gravitational/teleport/issues/new/choose"
          rel="noreferrer"
        >
          Request a New Feature
        </a>
        <a
          class="c12"
          href="mailto:support@goteleport.com"
          rel="noreferrer"
        >
          Send Product Feedback
        </a>
      </div>
      <div
        class="c5"
      >
        <div
          class="c7 c8"
          width="210"
        >
          <div
            class="c9"
            font-size="18"
          >
            <span
              class="c10 icon icon-list3 "
              color="light"
            />
          </div>
          <h5
            class="c11"
          >
            Resources
          </h5>
        </div>
        <a
          class="c12"
          href="https://goteleport.com/docs/getting-started?product=teleport&version=oss_4.4.0-dev"
          rel="noreferrer"
        >
          Quickstart Guide
        </a>
        <a
          class="c12"
          href="https://goteleport.com/docs/server-access/guides/tsh?product=teleport&version=oss_4.4.0-dev"
          rel="noreferrer"
        >
          tsh User Guide
        </a>
        <a
          class="c12"
          href="https://goteleport.com/docs/setup/admin?product=teleport&version=oss_4.4.0-dev"
          rel="noreferrer"
        >
          Admin Guide
        </a>
        <a
          class="c12"
          href="https://goteleport.com/docs/cloud/downloads/"
          rel="noreferrer"
        >
          Download Page
        </a>
        <a
          class="c12"
          href="https://goteleport.com/docs/faq?product=teleport&version=oss_4.4.0-dev"
          rel="noreferrer"
        >
          FAQ
        </a>
      </div>
      <div
        class="c5"
      >
        <div
          class="c7 c8"
          width="210"
        >
          <div
            class="c9"
            font-size="18"
          >
            <span
              class="c10 icon icon-graph "
              color="light"
            />
          </div>
          <h5
            class="c11"
          >
            Troubleshooting
          </h5>
        </div>
        <a
          class="c12"
          href="https://goteleport.com/docs/setup/admin/troubleshooting?product=teleport&version=oss_4.4.0-dev"
          rel="noreferrer"
        >
          Monitoring & Debugging
        </a>
      </div>
      <div
        class="c5"
      >
        <div
          class="c7 c8"
          width="210"
        >
          <div
            class="c9"
            font-size="18"
          >
            <span
              class="c10 icon icon-notifications_active "
              color="light"
            />
          </div>
          <h5
            class="c11"
          >
            Updates
          </h5>
        </div>
        <a
          class="c12"
          href="https://github.com/gravitational/teleport/blob/master/CHANGELOG.md"
          rel="noreferrer"
        >
          Product Changelog
        </a>
        <a
          class="c12"
          href="https://goteleport.com/blog/"
          rel="noreferrer"
        >
          Teleport Blog
        </a>
      </div>
    </div>
  </div>
  <div
    class="c13"
  >
    <h5
      class="c14"
      font-weight="bold"
    >
      Cluster Information
    </h5>
    <div
      class="c15 c1"
    >
      <div
        class="c16"
        style="width: 130px;"
      >
        Cluster Name
        :
      </div>
      <div
        class="c17"
      >
        test
      </div>
    </div>
    <div
      class="c15 c1"
    >
      <div
        class="c16"
        style="width: 130px;"
      >
        Teleport Version
        :
      </div>
      <div
        class="c17"
      >
        4.4.0-dev
      </div>
    </div>
    <div
      class="c15 c1"
    >
      <div
        class="c16"
        style="width: 130px;"
      >
        Public Address
        :
      </div>
      <div
        class="c17"
      >
        localhost:3080
      </div>
    </div>
  </div>
</div>
`;

exports[`support Enterprise 1`] = `
.c0 {
  box-sizing: border-box;
  padding-top: 24px;
  padding-left: 40px;
  padding-right: 40px;
}

.c3 {
  box-sizing: border-box;
  padding-left: 32px;
  padding-right: 32px;
  padding-top: 4px;
  padding-bottom: 40px;
  background-color: #222C59;
}

.c5 {
  box-sizing: border-box;
}

.c7 {
  box-sizing: border-box;
  margin-bottom: 16px;
  margin-top: 24px;
  padding-bottom: 8px;
  width: 210px;
  border-bottom: 1px solid;
  border-color: #111B48;
  border-color: #111B48;
}

.c13 {
  box-sizing: border-box;
  margin-top: 24px;
  padding-left: 32px;
  padding-right: 32px;
  padding-top: 24px;
  padding-bottom: 24px;
  border: 1px solid;
  border-color: #222C59;
  border-radius: 8px;
  border-radius: 8px;
  border-color: #222C59;
}

.c15 {
  box-sizing: border-box;
  margin-bottom: 16px;
}

.c10 {
  display: inline-block;
  transition: color 0.3s;
  color: #FFFFFF;
}

.c1 {
  display: flex;
}

.c6 {
  display: flex;
  justify-content: space-between;
  flex-wrap: wrap;
}

.c8 {
  display: flex;
  align-items: center;
}

.c9 {
  overflow: hidden;
  text-overflow: ellipsis;
  font-size: 18px;
  padding-right: 8px;
  margin: 0;
}

.c11 {
  overflow: hidden;
  text-overflow: ellipsis;
  text-transform: uppercase;
  margin: 0;
}

.c14 {
  overflow: hidden;
  text-overflow: ellipsis;
  text-transform: uppercase;
  margin-bottom: 24px;
  margin: 0;
  font-weight: 600;
  font-weight: 600;
}

.c16 {
  overflow: hidden;
  text-overflow: ellipsis;
  font-weight: 600;
  font-size: 12px;
  line-height: 16px;
  margin: 0;
}

.c17 {
  overflow: hidden;
  text-overflow: ellipsis;
  font-weight: 400;
  font-size: 12px;
  line-height: 16px;
  margin: 0;
}

.c4 {
  box-shadow: 0 4px 16px rgba(0,0,0,0.24);
  border-radius: 8px;
}

.c2 {
  overflow: auto;
  width: 100%;
  height: 100%;
  flex-direction: column;
}

.c2::after {
  content: ' ';
  padding-bottom: 24px;
}

.c12 {
  display: block;
  color: #FFFFFF;
  border-radius: 4px;
  text-decoration: none;
  margin-bottom: 8px;
  padding: 4px 8px;
  transition: all 0.3s;
  font-weight: 400;
  font-size: 12px;
  line-height: 16px;
}

.c12:hover,
.c12:focus {
  background: #2C3A73;
}

<div
  class="c0 c1 c2"
>
  <div
    class="c3 c4"
  >
    <div
      class="c5 c6"
    >
      <div
        class="c5"
      >
        <div
          class="c7 c8"
          width="210"
        >
          <div
            class="c9"
            font-size="18"
          >
            <span
              class="c10 icon icon-local_play "
              color="light"
            />
          </div>
          <h5
            class="c11"
          >
            Support
          </h5>
        </div>
        <a
          class="c12"
          href="https://gravitational.zendesk.com/hc/en-us/requests/new"
          rel="noreferrer"
        >
          Create a Support Ticket
        </a>
        <a
          class="c12"
          href="https://github.com/gravitational/teleport/discussions"
          rel="noreferrer"
        >
          Ask the Community Questions
        </a>
        <a
          class="c12"
          href="https://github.com/gravitational/teleport/issues/new/choose"
          rel="noreferrer"
        >
          Request a New Feature
        </a>
        <a
          class="c12"
          href="mailto:support@goteleport.com"
          rel="noreferrer"
        >
          Send Product Feedback
        </a>
      </div>
      <div
        class="c5"
      >
        <div
          class="c7 c8"
          width="210"
        >
          <div
            class="c9"
            font-size="18"
          >
            <span
              class="c10 icon icon-list3 "
              color="light"
            />
          </div>
          <h5
            class="c11"
          >
            Resources
          </h5>
        </div>
        <a
          class="c12"
          href="https://goteleport.com/docs/getting-started?product=teleport&version=e_4.4.0-dev"
          rel="noreferrer"
        >
          Quickstart Guide
        </a>
        <a
          class="c12"
          href="https://goteleport.com/docs/server-access/guides/tsh?product=teleport&version=e_4.4.0-dev"
          rel="noreferrer"
        >
          tsh User Guide
        </a>
        <a
          class="c12"
          href="https://goteleport.com/docs/setup/admin?product=teleport&version=e_4.4.0-dev"
          rel="noreferrer"
        >
          Admin Guide
        </a>
        <a
          class="c12"
          href="https://dashboard.gravitational.com/web/downloads"
          rel="noreferrer"
        >
          Download Page
        </a>
        <a
          class="c12"
          href="https://goteleport.com/docs/faq?product=teleport&version=e_4.4.0-dev"
          rel="noreferrer"
        >
          FAQ
        </a>
      </div>
      <div
        class="c5"
      >
        <div
          class="c7 c8"
          width="210"
        >
          <div
            class="c9"
            font-size="18"
          >
            <span
              class="c10 icon icon-graph "
              color="light"
            />
          </div>
          <h5
            class="c11"
          >
            Troubleshooting
          </h5>
        </div>
        <a
          class="c12"
          href="https://goteleport.com/docs/setup/admin/troubleshooting?product=teleport&version=e_4.4.0-dev"
          rel="noreferrer"
        >
          Monitoring & Debugging
        </a>
      </div>
      <div
        class="c5"
      >
        <div
          class="c7 c8"
          width="210"
        >
          <div
            class="c9"
            font-size="18"
          >
            <span
              class="c10 icon icon-notifications_active "
              color="light"
            />
          </div>
          <h5
            class="c11"
          >
            Updates
          </h5>
        </div>
        <a
          class="c12"
          href="https://github.com/gravitational/teleport/blob/master/CHANGELOG.md"
          rel="noreferrer"
        >
          Product Changelog
        </a>
        <a
          class="c12"
          href="https://goteleport.com/blog/"
          rel="noreferrer"
        >
          Teleport Blog
        </a>
      </div>
    </div>
  </div>
  <div
    class="c13"
  >
    <h5
      class="c14"
      font-weight="bold"
    >
      Cluster Information
    </h5>
    <div
      class="c15 c1"
    >
      <div
        class="c16"
        style="width: 130px;"
      >
        Cluster Name
        :
      </div>
      <div
        class="c17"
      >
        test
      </div>
    </div>
    <div
      class="c15 c1"
    >
      <div
        class="c16"
        style="width: 130px;"
      >
        Teleport Version
        :
      </div>
      <div
        class="c17"
      >
        4.4.0-dev
      </div>
    </div>
    <div
      class="c15 c1"
    >
      <div
        class="c16"
        style="width: 130px;"
      >
        Public Address
        :
      </div>
      <div
        class="c17"
      >
        localhost:3080
      </div>
    </div>
  </div>
</div>
`;

exports[`support OSS 1`] = `
.c0 {
  box-sizing: border-box;
  padding-top: 24px;
  padding-left: 40px;
  padding-right: 40px;
}

.c3 {
  box-sizing: border-box;
  padding-left: 32px;
  padding-right: 32px;
  padding-top: 4px;
  padding-bottom: 40px;
  background-color: #222C59;
}

.c5 {
  box-sizing: border-box;
}

.c7 {
  box-sizing: border-box;
  margin-bottom: 16px;
  margin-top: 24px;
  padding-bottom: 8px;
  width: 210px;
  border-bottom: 1px solid;
  border-color: #111B48;
  border-color: #111B48;
}

.c13 {
  box-sizing: border-box;
  margin-top: 24px;
  padding-left: 32px;
  padding-right: 32px;
  padding-top: 24px;
  padding-bottom: 24px;
  border: 1px solid;
  border-color: #222C59;
  border-radius: 8px;
  border-radius: 8px;
  border-color: #222C59;
}

.c15 {
  box-sizing: border-box;
  margin-bottom: 16px;
}

.c10 {
  display: inline-block;
  transition: color 0.3s;
  color: #FFFFFF;
}

.c1 {
  display: flex;
}

.c6 {
  display: flex;
  justify-content: space-between;
  flex-wrap: wrap;
}

.c8 {
  display: flex;
  align-items: center;
}

.c9 {
  overflow: hidden;
  text-overflow: ellipsis;
  font-size: 18px;
  padding-right: 8px;
  margin: 0;
}

.c11 {
  overflow: hidden;
  text-overflow: ellipsis;
  text-transform: uppercase;
  margin: 0;
}

.c14 {
  overflow: hidden;
  text-overflow: ellipsis;
  text-transform: uppercase;
  margin-bottom: 24px;
  margin: 0;
  font-weight: 600;
  font-weight: 600;
}

.c16 {
  overflow: hidden;
  text-overflow: ellipsis;
  font-weight: 600;
  font-size: 12px;
  line-height: 16px;
  margin: 0;
}

.c17 {
  overflow: hidden;
  text-overflow: ellipsis;
  font-weight: 400;
  font-size: 12px;
  line-height: 16px;
  margin: 0;
}

.c4 {
  box-shadow: 0 4px 16px rgba(0,0,0,0.24);
  border-radius: 8px;
}

.c2 {
  overflow: auto;
  width: 100%;
  height: 100%;
  flex-direction: column;
}

.c2::after {
  content: ' ';
  padding-bottom: 24px;
}

.c12 {
  display: block;
  color: #FFFFFF;
  border-radius: 4px;
  text-decoration: none;
  margin-bottom: 8px;
  padding: 4px 8px;
  transition: all 0.3s;
  font-weight: 400;
  font-size: 12px;
  line-height: 16px;
}

.c12:hover,
.c12:focus {
  background: #2C3A73;
}

<div
  class="c0 c1 c2"
>
  <div
    class="c3 c4"
  >
    <div
      class="c5 c6"
    >
      <div
        class="c5"
      >
        <div
          class="c7 c8"
          width="210"
        >
          <div
            class="c9"
            font-size="18"
          >
            <span
              class="c10 icon icon-local_play "
              color="light"
            />
          </div>
          <h5
            class="c11"
          >
            Support
          </h5>
        </div>
        <a
          class="c12"
          href="https://github.com/gravitational/teleport/discussions"
          rel="noreferrer"
        >
          Ask the Community Questions
        </a>
        <a
          class="c12"
          href="https://github.com/gravitational/teleport/issues/new/choose"
          rel="noreferrer"
        >
          Request a New Feature
        </a>
        <a
          class="c12"
          href="mailto:support@goteleport.com"
          rel="noreferrer"
        >
          Send Product Feedback
        </a>
      </div>
      <div
        class="c5"
      >
        <div
          class="c7 c8"
          width="210"
        >
          <div
            class="c9"
            font-size="18"
          >
            <span
              class="c10 icon icon-list3 "
              color="light"
            />
          </div>
          <h5
            class="c11"
          >
            Resources
          </h5>
        </div>
        <a
          class="c12"
          href="https://goteleport.com/docs/getting-started?product=teleport&version=oss_4.4.0-dev"
          rel="noreferrer"
        >
          Quickstart Guide
        </a>
        <a
          class="c12"
          href="https://goteleport.com/docs/server-access/guides/tsh?product=teleport&version=oss_4.4.0-dev"
          rel="noreferrer"
        >
          tsh User Guide
        </a>
        <a
          class="c12"
          href="https://goteleport.com/docs/setup/admin?product=teleport&version=oss_4.4.0-dev"
          rel="noreferrer"
        >
          Admin Guide
        </a>
        <a
          class="c12"
          href="https://goteleport.com/download/"
          rel="noreferrer"
        >
          Download Page
        </a>
        <a
          class="c12"
          href="https://goteleport.com/docs/faq?product=teleport&version=oss_4.4.0-dev"
          rel="noreferrer"
        >
          FAQ
        </a>
      </div>
      <div
        class="c5"
      >
        <div
          class="c7 c8"
          width="210"
        >
          <div
            class="c9"
            font-size="18"
          >
            <span
              class="c10 icon icon-graph "
              color="light"
            />
          </div>
          <h5
            class="c11"
          >
            Troubleshooting
          </h5>
        </div>
        <a
          class="c12"
          href="https://goteleport.com/docs/setup/admin/troubleshooting?product=teleport&version=oss_4.4.0-dev"
          rel="noreferrer"
        >
          Monitoring & Debugging
        </a>
      </div>
      <div
        class="c5"
      >
        <div
          class="c7 c8"
          width="210"
        >
          <div
            class="c9"
            font-size="18"
          >
            <span
              class="c10 icon icon-notifications_active "
              color="light"
            />
          </div>
          <h5
            class="c11"
          >
            Updates
          </h5>
        </div>
        <a
          class="c12"
          href="https://github.com/gravitational/teleport/blob/master/CHANGELOG.md"
          rel="noreferrer"
        >
          Product Changelog
        </a>
        <a
          class="c12"
          href="https://goteleport.com/blog/"
          rel="noreferrer"
        >
          Teleport Blog
        </a>
      </div>
    </div>
  </div>
  <div
    class="c13"
  >
    <h5
      class="c14"
      font-weight="bold"
    >
      Cluster Information
    </h5>
    <div
      class="c15 c1"
    >
      <div
        class="c16"
        style="width: 130px;"
      >
        Cluster Name
        :
      </div>
      <div
        class="c17"
      >
        test
      </div>
    </div>
    <div
      class="c15 c1"
    >
      <div
        class="c16"
        style="width: 130px;"
      >
        Teleport Version
        :
      </div>
      <div
        class="c17"
      >
        4.4.0-dev
      </div>
    </div>
    <div
      class="c15 c1"
    >
      <div
        class="c16"
        style="width: 130px;"
      >
        Public Address
        :
      </div>
      <div
        class="c17"
      >
        localhost:3080
      </div>
    </div>
  </div>
</div>
`;
