// Jest Snapshot v1, https://goo.gl/fbAQLP

exports[`render failed state for re-authentication dialog 1`] = `
.c8 {
  display: flex;
  align-items: center;
  justify-content: center;
  border-radius: 2px;
  box-sizing: border-box;
  box-shadow: 0 1px 4px rgba(0,0,0,0.24);
  margin: 0 0 24px 0;
  min-height: 40px;
  padding: 8px 16px;
  overflow: auto;
  word-break: break-word;
  line-height: 1.5;
  margin-top: 8px;
  background: #f50057;
  color: #FFFFFF;
  width: 100%;
}

.c8 a {
  color: #FFFFFF;
}

.c4 {
  box-sizing: border-box;
  margin-bottom: 16px;
  min-height: 32px;
}

.c9 {
  box-sizing: border-box;
  margin-bottom: 32px;
  flex: 1;
}

.c11 {
  box-sizing: border-box;
  margin-top: 8px;
}

.c13 {
  box-sizing: border-box;
  margin-bottom: 0;
  margin-right: 16px;
  width: 50%;
}

.c16 {
  box-sizing: border-box;
  width: 50%;
}

.c17 {
  box-sizing: border-box;
}

.c18 {
  line-height: 1.5;
  margin: 0;
  display: inline-flex;
  justify-content: center;
  align-items: center;
  box-sizing: border-box;
  border: none;
  border-radius: 4px;
  cursor: pointer;
  font-family: inherit;
  font-weight: 600;
  outline: none;
  position: relative;
  text-align: center;
  text-decoration: none;
  text-transform: uppercase;
  transition: all 0.3s;
  -webkit-font-smoothing: antialiased;
  background: #512FC9;
  color: rgba(255,255,255,0.87);
  min-height: 32px;
  font-size: 12px;
  padding: 0px 24px;
  margin-right: 16px;
  margin-top: 16px;
}

.c18:active {
  opacity: 0.56;
}

.c18:hover,
.c18:focus {
  background: #651FFF;
}

.c18:active {
  background: #354AA4;
}

.c18:disabled {
  background: rgba(255,255,255,0.12);
  color: rgba(255,255,255,0.3);
}

.c19 {
  line-height: 1.5;
  margin: 0;
  display: inline-flex;
  justify-content: center;
  align-items: center;
  box-sizing: border-box;
  border: none;
  border-radius: 4px;
  cursor: pointer;
  font-family: inherit;
  font-weight: 600;
  outline: none;
  position: relative;
  text-align: center;
  text-decoration: none;
  text-transform: uppercase;
  transition: all 0.3s;
  -webkit-font-smoothing: antialiased;
  background: #222C59;
  color: rgba(255,255,255,0.87);
  min-height: 32px;
  font-size: 12px;
  padding: 0px 24px;
}

.c19:active {
  opacity: 0.56;
}

.c19:hover,
.c19:focus {
  background: #2C3A73;
}

.c19:disabled {
  background: rgba(255,255,255,0.12);
  color: rgba(255,255,255,0.3);
}

.c5 {
  display: flex;
  align-items: center;
}

.c10 {
  display: flex;
  flex-direction: column;
}

.c12 {
  display: flex;
  align-items: flex-end;
}

.c14 {
  color: #FFFFFF;
  display: block;
  font-size: 11px;
  font-weight: 500;
  text-transform: uppercase;
  width: 100%;
  margin-bottom: 4px;
  margin-bottom: 4px;
  font-size: 10px;
}

.c1 {
  z-index: -1;
  position: fixed;
  right: 0;
  bottom: 0;
  top: 0;
  left: 0;
  background-color: rgba(0,0,0,0.5);
  opacity: 1;
  touch-action: none;
}

.c0 {
  position: fixed;
  z-index: 1200;
  right: 0;
  bottom: 0;
  top: 0;
  left: 0;
}

.c6 {
  overflow: hidden;
  text-overflow: ellipsis;
  font-weight: 300;
  font-size: 22px;
  line-height: 32px;
  text-transform: uppercase;
  margin: 0;
  color: rgba(255,255,255,0.87);
}

.c7 {
  overflow: hidden;
  text-overflow: ellipsis;
  margin: 0;
  color: rgba(255,255,255,0.56);
  text-align: center;
}

.c2 {
  height: 100%;
  outline: none;
  color: black;
  display: flex;
  align-items: center;
  justify-content: center;
  opacity: 1;
  will-change: opacity;
  transition: opacity 225ms cubic-bezier(0.4,0,0.2,1) 0ms;
}

.c3 {
  padding: 32px;
  padding-top: 24px;
  background: #1C254D;
  color: rgba(255,255,255,0.87);
  border-radius: 8px;
  box-shadow: 0 8px 32px rgba(0,0,0,0.24);
  display: flex;
  flex-direction: column;
  position: relative;
  overflow-y: auto;
  max-height: calc(100% - 96px);
  width: 400px;
}

.c15 .react-select-container {
  box-shadow: inset 0 2px 4px rgba(0,0,0,0.24);
  box-sizing: border-box;
  border: none;
  display: block;
  font-size: 14px;
  outline: none;
  width: 100%;
  color: rgba(0,0,0,0.87);
  background-color: #ffffff;
  margin-bottom: 0px;
  border-radius: 4px;
}

.c15 .react-select__control,
.c15 .react-select__control--is-focused {
  min-height: 40px;
  height: 40px;
  background-color: transparent;
  border-color: transparent;
  border-radius: 4px;
  border-style: solid;
  border-width: 1px;
  box-shadow: none;
}

.c15 .react-select__control:hover,
.c15 .react-select__control--is-focused:hover {
  border-color: transparent;
  cursor: pointer;
}

.c15 .react-select__option:hover {
  cursor: pointer;
  background-color: #eceff1;
}

.c15 .react-select__option--is-focused {
  background-color: #eceff1;
}

.c15 .react-select__option--is-selected {
  background-color: #cfd8dc;
  color: inherit;
}

.c15 .react-select__option--is-selected:hover {
  background-color: #cfd8dc;
}

.c15 .react-select__menu {
  margin-top: 0px;
}

.c15 .react-select__indicator-separator {
  display: none;
}

.c15 .react-select__loading-indicator {
  display: none;
}

.c15 .react-select--is-disabled .react-select__single-value,
.c15 .react-select--is-disabled .react-select__placeholder {
  color: rgba(0,0,0,0.24);
}

.c15 .react-select--is-disabled .react-select__indicator {
  color: rgba(0,0,0,0.14);
}

<div
  class="c0"
  data-testid="Modal"
>
  <div
    aria-hidden="true"
    class="c1"
    data-testid="backdrop"
  />
  <div
    class="c2"
  >
    <div
      class="c3"
      data-testid="dialogbox"
    >
      <div
        class="c4 c5"
        style="flex-direction: column;"
      >
        <div
          class="c6"
          color="text.primary"
        >
          Verify your identity
        </div>
        <div
          class="c7"
          color="text.secondary"
        >
          You must verify your identity before peforming this action.
        </div>
      </div>
      <div
        class="c8"
        kind="danger"
        width="100%"
      >
        an error has occurred
      </div>
      <div
        class="c9 c10"
      >
        <div
          class="c11 c12"
        >
          <div
            class="c13"
            data-testid="mfa-select"
            width="50%"
          >
            <label
              class="c14"
              font-size="0"
              for="select"
            >
              Two-factor type
            </label>
            <div
              class="c15"
            >
              <div
                class="react-select-container css-2b097c-container"
              >
                <div
                  class="react-select__control css-yk16xz-control"
                >
                  <div
                    class="react-select__value-container react-select__value-container--has-value css-g1d714-ValueContainer"
                  >
                    <div
                      class="react-select__single-value css-1uccc91-singleValue"
                    >
                      Hardware Key
                    </div>
                    <input
                      aria-autocomplete="list"
                      class="css-62g3xt-dummyInput"
                      id="select"
                      readonly=""
                      tabindex="0"
                      value=""
                    />
                  </div>
                  <div
                    class="react-select__indicators css-1hb7zxy-IndicatorsContainer"
                  >
                    <span
                      class="react-select__indicator-separator css-1okebmr-indicatorSeparator"
                    />
                    <div
                      aria-hidden="true"
                      class="react-select__indicator react-select__dropdown-indicator css-tlfecz-indicatorContainer"
                    >
                      <svg
                        aria-hidden="true"
                        class="css-6q0nyr-Svg"
                        focusable="false"
                        height="20"
                        viewBox="0 0 20 20"
                        width="20"
                      >
                        <path
                          d="M4.516 7.548c0.436-0.446 1.043-0.481 1.576 0l3.908 3.747 3.908-3.747c0.533-0.481 1.141-0.446 1.574 0 0.436 0.445 0.408 1.197 0 1.615-0.406 0.418-4.695 4.502-4.695 4.502-0.217 0.223-0.502 0.335-0.787 0.335s-0.57-0.112-0.789-0.335c0 0-4.287-4.084-4.695-4.502s-0.436-1.17 0-1.615z"
                        />
                      </svg>
                    </div>
                  </div>
                </div>
              </div>
            </div>
          </div>
          <div
            class="c16"
            width="50%"
          />
        </div>
      </div>
      <div
        class="c17"
      >
        <button
          class="c18"
          kind="primary"
        >
          Continue
        </button>
        <button
          class="c19"
          kind="secondary"
        >
          Cancel
        </button>
      </div>
    </div>
  </div>
</div>
`;

exports[`render re-authentication dialog 1`] = `
.c4 {
  box-sizing: border-box;
  margin-bottom: 16px;
  min-height: 32px;
}

.c8 {
  box-sizing: border-box;
  margin-bottom: 32px;
  flex: 1;
}

.c10 {
  box-sizing: border-box;
  margin-top: 8px;
}

.c12 {
  box-sizing: border-box;
  margin-bottom: 0;
  margin-right: 16px;
  width: 50%;
}

.c15 {
  box-sizing: border-box;
  width: 50%;
}

.c16 {
  box-sizing: border-box;
}

.c17 {
  line-height: 1.5;
  margin: 0;
  display: inline-flex;
  justify-content: center;
  align-items: center;
  box-sizing: border-box;
  border: none;
  border-radius: 4px;
  cursor: pointer;
  font-family: inherit;
  font-weight: 600;
  outline: none;
  position: relative;
  text-align: center;
  text-decoration: none;
  text-transform: uppercase;
  transition: all 0.3s;
  -webkit-font-smoothing: antialiased;
  background: #512FC9;
  color: rgba(255,255,255,0.87);
  min-height: 32px;
  font-size: 12px;
  padding: 0px 24px;
  margin-right: 16px;
  margin-top: 16px;
}

.c17:active {
  opacity: 0.56;
}

.c17:hover,
.c17:focus {
  background: #651FFF;
}

.c17:active {
  background: #354AA4;
}

.c17:disabled {
  background: rgba(255,255,255,0.12);
  color: rgba(255,255,255,0.3);
}

.c18 {
  line-height: 1.5;
  margin: 0;
  display: inline-flex;
  justify-content: center;
  align-items: center;
  box-sizing: border-box;
  border: none;
  border-radius: 4px;
  cursor: pointer;
  font-family: inherit;
  font-weight: 600;
  outline: none;
  position: relative;
  text-align: center;
  text-decoration: none;
  text-transform: uppercase;
  transition: all 0.3s;
  -webkit-font-smoothing: antialiased;
  background: #222C59;
  color: rgba(255,255,255,0.87);
  min-height: 32px;
  font-size: 12px;
  padding: 0px 24px;
}

.c18:active {
  opacity: 0.56;
}

.c18:hover,
.c18:focus {
  background: #2C3A73;
}

.c18:disabled {
  background: rgba(255,255,255,0.12);
  color: rgba(255,255,255,0.3);
}

.c5 {
  display: flex;
  align-items: center;
}

.c9 {
  display: flex;
  flex-direction: column;
}

.c11 {
  display: flex;
  align-items: flex-end;
}

.c13 {
  color: #FFFFFF;
  display: block;
  font-size: 11px;
  font-weight: 500;
  text-transform: uppercase;
  width: 100%;
  margin-bottom: 4px;
  margin-bottom: 4px;
  font-size: 10px;
}

.c1 {
  z-index: -1;
  position: fixed;
  right: 0;
  bottom: 0;
  top: 0;
  left: 0;
  background-color: rgba(0,0,0,0.5);
  opacity: 1;
  touch-action: none;
}

.c0 {
  position: fixed;
  z-index: 1200;
  right: 0;
  bottom: 0;
  top: 0;
  left: 0;
}

.c6 {
  overflow: hidden;
  text-overflow: ellipsis;
  font-weight: 300;
  font-size: 22px;
  line-height: 32px;
  text-transform: uppercase;
  margin: 0;
  color: rgba(255,255,255,0.87);
}

.c7 {
  overflow: hidden;
  text-overflow: ellipsis;
  margin: 0;
  color: rgba(255,255,255,0.56);
  text-align: center;
}

.c2 {
  height: 100%;
  outline: none;
  color: black;
  display: flex;
  align-items: center;
  justify-content: center;
  opacity: 1;
  will-change: opacity;
  transition: opacity 225ms cubic-bezier(0.4,0,0.2,1) 0ms;
}

.c3 {
  padding: 32px;
  padding-top: 24px;
  background: #1C254D;
  color: rgba(255,255,255,0.87);
  border-radius: 8px;
  box-shadow: 0 8px 32px rgba(0,0,0,0.24);
  display: flex;
  flex-direction: column;
  position: relative;
  overflow-y: auto;
  max-height: calc(100% - 96px);
  width: 400px;
}

.c14 .react-select-container {
  box-shadow: inset 0 2px 4px rgba(0,0,0,0.24);
  box-sizing: border-box;
  border: none;
  display: block;
  font-size: 14px;
  outline: none;
  width: 100%;
  color: rgba(0,0,0,0.87);
  background-color: #ffffff;
  margin-bottom: 0px;
  border-radius: 4px;
}

.c14 .react-select__control,
.c14 .react-select__control--is-focused {
  min-height: 40px;
  height: 40px;
  background-color: transparent;
  border-color: transparent;
  border-radius: 4px;
  border-style: solid;
  border-width: 1px;
  box-shadow: none;
}

.c14 .react-select__control:hover,
.c14 .react-select__control--is-focused:hover {
  border-color: transparent;
  cursor: pointer;
}

.c14 .react-select__option:hover {
  cursor: pointer;
  background-color: #eceff1;
}

.c14 .react-select__option--is-focused {
  background-color: #eceff1;
}

.c14 .react-select__option--is-selected {
  background-color: #cfd8dc;
  color: inherit;
}

.c14 .react-select__option--is-selected:hover {
  background-color: #cfd8dc;
}

.c14 .react-select__menu {
  margin-top: 0px;
}

.c14 .react-select__indicator-separator {
  display: none;
}

.c14 .react-select__loading-indicator {
  display: none;
}

.c14 .react-select--is-disabled .react-select__single-value,
.c14 .react-select--is-disabled .react-select__placeholder {
  color: rgba(0,0,0,0.24);
}

.c14 .react-select--is-disabled .react-select__indicator {
  color: rgba(0,0,0,0.14);
}

<div
  class="c0"
  data-testid="Modal"
>
  <div
    aria-hidden="true"
    class="c1"
    data-testid="backdrop"
  />
  <div
    class="c2"
  >
    <div
      class="c3"
      data-testid="dialogbox"
    >
      <div
        class="c4 c5"
        style="flex-direction: column;"
      >
        <div
          class="c6"
          color="text.primary"
        >
          Verify your identity
        </div>
        <div
          class="c7"
          color="text.secondary"
        >
          You must verify your identity before peforming this action.
        </div>
      </div>
      <div
        class="c8 c9"
      >
        <div
          class="c10 c11"
        >
          <div
            class="c12"
            data-testid="mfa-select"
            width="50%"
          >
            <label
              class="c13"
              font-size="0"
              for="select"
            >
              Two-factor type
            </label>
            <div
              class="c14"
            >
              <div
                class="react-select-container css-2b097c-container"
              >
                <div
                  class="react-select__control css-yk16xz-control"
                >
                  <div
                    class="react-select__value-container react-select__value-container--has-value css-g1d714-ValueContainer"
                  >
                    <div
                      class="react-select__single-value css-1uccc91-singleValue"
                    >
                      Hardware Key
                    </div>
                    <input
                      aria-autocomplete="list"
                      class="css-62g3xt-dummyInput"
                      id="select"
                      readonly=""
                      tabindex="0"
                      value=""
                    />
                  </div>
                  <div
                    class="react-select__indicators css-1hb7zxy-IndicatorsContainer"
                  >
                    <span
                      class="react-select__indicator-separator css-1okebmr-indicatorSeparator"
                    />
                    <div
                      aria-hidden="true"
                      class="react-select__indicator react-select__dropdown-indicator css-tlfecz-indicatorContainer"
                    >
                      <svg
                        aria-hidden="true"
                        class="css-6q0nyr-Svg"
                        focusable="false"
                        height="20"
                        viewBox="0 0 20 20"
                        width="20"
                      >
                        <path
                          d="M4.516 7.548c0.436-0.446 1.043-0.481 1.576 0l3.908 3.747 3.908-3.747c0.533-0.481 1.141-0.446 1.574 0 0.436 0.445 0.408 1.197 0 1.615-0.406 0.418-4.695 4.502-4.695 4.502-0.217 0.223-0.502 0.335-0.787 0.335s-0.57-0.112-0.789-0.335c0 0-4.287-4.084-4.695-4.502s-0.436-1.17 0-1.615z"
                        />
                      </svg>
                    </div>
                  </div>
                </div>
              </div>
            </div>
          </div>
          <div
            class="c15"
            width="50%"
          />
        </div>
      </div>
      <div
        class="c16"
      >
        <button
          class="c17"
          kind="primary"
        >
          Continue
        </button>
        <button
          class="c18"
          kind="secondary"
        >
          Cancel
        </button>
      </div>
    </div>
  </div>
</div>
`;
