// Jest Snapshot v1, https://goo.gl/fbAQLP

exports[`rendering of TopNav and TopNavItem 1`] = `
.c0 {
  box-sizing: border-box;
  height: 60px;
  background-color: #1C254D;
  flex: 0 0 auto;
}

.c1 {
  display: flex;
  align-items: center;
  flex-direction: row;
}

.c2 {
  align-items: center;
  background: none;
  border: none;
  color: rgba(255,255,255,.56);
  cursor: pointer;
  display: inline-flex;
  font-size: 11px;
  font-weight: 600;
  height: 100%;
  margin: 0;
  outline: none;
  padding: 0 16px;
  position: relative;
  text-decoration: none;
}

.c2:hover {
  background: rgba(255,255,255,.06);
}

.c2.active {
  background: #222C59;
  color: #FFFFFF;
}

.c2.active:after {
  background-color: #651FFF;
  content: '';
  position: absolute;
  bottom: 0;
  left: 0;
  width: 100%;
  height: 4px;
}

.c3 {
  align-items: center;
  background: none;
  border: none;
  color: rgba(255,255,255,.56);
  cursor: pointer;
  display: inline-flex;
  font-size: 11px;
  font-weight: 600;
  height: 100%;
  margin: 0;
  outline: none;
  padding: 0 16px;
  position: relative;
  text-decoration: none;
  margin-left: auto;
  max-width: 250px;
}

.c3:hover {
  background: rgba(255,255,255,.06);
}

.c3.active {
  background: #222C59;
  color: #FFFFFF;
}

.c3.active:after {
  background-color: #651FFF;
  content: '';
  position: absolute;
  bottom: 0;
  left: 0;
  width: 100%;
  height: 4px;
}

.c4 {
  overflow: hidden;
  text-overflow: ellipsis;
  font-weight: 600;
  font-size: 12px;
  margin: 0;
}

.c5 {
  align-items: center;
  background: #651FFF;
  border-radius: 50%;
  display: flex;
  font-size: 14px;
  font-weight: bold;
  justify-content: center;
  height: 32px;
  margin-left: 16px;
  width: 100%;
  max-width: 32px;
  min-width: 32px;
}

<nav
  class="c0 c1"
  height="60px"
>
  <button
    class="c2"
  >
    MenuItem1
  </button>
  <button
    class="c2"
  >
    MenuItem2
  </button>
  <button
    class="c3"
  >
    <div
      class="c4"
      font-size="12px"
    >
      example@example.com
    </div>
    <div
      class="c5"
    >
      E
    </div>
  </button>
</nav>
`;
