// Jest Snapshot v1, https://goo.gl/fbAQLP

exports[`render DocumentNodes 1`] = `
.c0 {
  box-sizing: border-box;
  margin: -16px;
  height: 100%;
  width: 100%;
  background-color: #010B1C;
}

.c2 {
  box-sizing: border-box;
  flex: 1;
}

.c3 {
  box-sizing: border-box;
  margin-left: auto;
  margin-right: auto;
  margin-top: 24px;
  padding-left: 32px;
  padding-right: 32px;
}

.c5 {
  box-sizing: border-box;
  margin-bottom: 24px;
}

.c7 {
  box-sizing: border-box;
  margin-right: 20px;
  width: 336px;
}

.c12 {
  box-sizing: border-box;
  width: 240px;
}

.c17 {
  box-sizing: border-box;
  width: 100%;
}

.c19 {
  box-sizing: border-box;
}

.c21 {
  box-sizing: border-box;
  margin-right: 16px;
  width: 100%;
}

.c41 {
  box-sizing: border-box;
  margin-right: 8px;
}

.c37 {
  line-height: 1.5;
  margin: 0;
  display: inline-flex;
  justify-content: center;
  align-items: center;
  box-sizing: border-box;
  border: none;
  border-radius: 4px;
  cursor: pointer;
  font-family: inherit;
  font-weight: 600;
  outline: none;
  position: relative;
  text-align: center;
  text-decoration: none;
  text-transform: uppercase;
  transition: all 0.3s;
  -webkit-font-smoothing: antialiased;
  background: #092F52;
  border: 1px solid #010B1C;
  opacity: .87;
  color: rgba(255,255,255,0.87);
  font-size: 10px;
  min-height: 24px;
  padding: 0px 16px;
  height: 24px;
}

.c37:active {
  opacity: 0.56;
}

.c37:hover,
.c37:focus {
  background: #092F52;
  border: 1px solid rgba(255,255,255,0.1);
  opacity: 1;
}

.c37:active {
  opacity: 0.24;
}

.c37:disabled {
  background: rgba(255,255,255,0.12);
  color: rgba(255,255,255,0.3);
}

.c32 {
  display: inline-block;
  transition: color 0.3s;
  color: #FFFFFF;
}

.c38 {
  display: inline-block;
  transition: color 0.3s;
  margin-left: 8px;
  margin-right: -8px;
  color: rgba(255,255,255,0.56);
  font-size: 14px;
}

.c43 {
  display: inline-block;
  transition: color 0.3s;
  color: #FFFFFF;
  font-size: 16px;
}

.c1 {
  display: flex;
}

.c6 {
  display: flex;
  align-items: end;
  justify-content: space-between;
}

.c18 {
  display: flex;
  align-items: center;
  justify-content: space-between;
}

.c20 {
  display: flex;
  align-items: center;
}

.c40 {
  display: flex;
  justify-content: flex-end;
}

.c35 {
  box-sizing: border-box;
  border-radius: 100px;
  display: inline-flex;
  align-items: center;
  justify-content: center;
  min-height: 16px;
  line-height: 1.4;
  font-size: 10px;
  font-weight: 500;
  padding: 0 8px;
  background-color: #01172C;
  color: rgba(255,255,255,0.87);
  margin-right: 4px;
  margin-bottom: 4px;
}

.c8 {
  color: #FFFFFF;
  display: block;
  font-size: 11px;
  font-weight: 500;
  text-transform: uppercase;
  width: 100%;
  margin-bottom: 4px;
  margin-bottom: 4px;
  font-size: 10px;
}

.c30 {
  overflow: hidden;
  text-overflow: ellipsis;
  font-weight: 300;
  font-size: 12px;
  line-height: 24px;
  margin: 0;
}

.c33 {
  overflow: hidden;
  text-overflow: ellipsis;
  font-weight: 400;
  font-size: 12px;
  line-height: 16px;
  margin-right: 4px;
  margin: 0;
  color: #FFFFFF;
}

.c34 {
  background: #03203C;
  box-shadow: 0 4px 16px rgba(0,0,0,0.24);
  border-collapse: collapse;
  border-spacing: 0;
  font-size: 12px;
  width: 100%;
}

.c34 > thead > tr > th,
.c34 > tbody > tr > th,
.c34 > tfoot > tr > th,
.c34 > thead > tr > td,
.c34 > tbody > tr > td,
.c34 > tfoot > tr > td {
  padding: 8px 8px;
  vertical-align: middle;
}

.c34 > thead > tr > th:first-child,
.c34 > tbody > tr > th:first-child,
.c34 > tfoot > tr > th:first-child,
.c34 > thead > tr > td:first-child,
.c34 > tbody > tr > td:first-child,
.c34 > tfoot > tr > td:first-child {
  padding-left: 24px;
}

.c34 > thead > tr > th:last-child,
.c34 > tbody > tr > th:last-child,
.c34 > tfoot > tr > th:last-child,
.c34 > thead > tr > td:last-child,
.c34 > tbody > tr > td:last-child,
.c34 > tfoot > tr > td:last-child {
  padding-right: 24px;
}

.c34 > tbody > tr > td {
  vertical-align: baseline;
}

.c34 > thead > tr > th {
  background: #01172C;
  color: #FFFFFF;
  cursor: pointer;
  font-size: 10px;
  font-weight: 400;
  padding-bottom: 0;
  padding-top: 0;
  text-align: left;
  opacity: 0.75;
  text-transform: uppercase;
  white-space: nowrap;
}

.c34 > thead > tr > th .c31 {
  font-weight: bold;
  font-size: 8px;
  margin-left: 8px;
}

.c34 > tbody > tr > td {
  color: rgba(255,255,255,0.87);
  line-height: 16px;
}

.c34 tbody tr {
  border-bottom: 1px solid #010B1C;
}

.c34 tbody tr:hover {
  background-color: rgb(7,40,70);
}

.c16 {
  padding: 16px 24px;
  display: flex;
  height: 24px;
  flex-shrink: 0;
  align-items: center;
  justify-content: space-between;
  background: #03203C;
  border-top-left-radius: 8px;
  border-top-right-radius: 8px;
}

.c39 {
  padding: 16px 24px;
  display: flex;
  height: 24px;
  flex-shrink: 0;
  align-items: center;
  justify-content: space-between;
  background: #03203C;
  border-bottom-left-radius: 8px;
  border-bottom-right-radius: 8px;
}

.c36 {
  cursor: pointer;
}

.c42 {
  background: none;
  border: none;
  cursor: pointer;
  margin-left: 0;
  margin-right: 0;
}

.c42 .c31 {
  font-size: 20px;
  transition: all 0.3s;
  opacity: 0.5;
}

.c42:hover .c31,
.c42:focus .c31 {
  opacity: 1;
}

.c42:disabled {
  cursor: default;
}

.c42:disabled .c31 {
  opacity: 0.1;
}

.c44 {
  background: none;
  border: none;
  cursor: pointer;
  margin-left: 0;
}

.c44 .c31 {
  font-size: 20px;
  transition: all 0.3s;
  opacity: 0.5;
}

.c44:hover .c31,
.c44:focus .c31 {
  opacity: 1;
}

.c44:disabled {
  cursor: default;
}

.c44:disabled .c31 {
  opacity: 0.1;
}

.c24 {
  position: absolute;
  height: 100%;
  right: 0;
  display: flex;
  align-items: center;
  justify-content: center;
  background: #092F52;
  border-radius: 200px;
}

.c22 {
  position: relative;
  display: flex;
  overflow: hidden;
  width: 100%;
  border-radius: 200px;
  height: 32px;
  background: #01172C;
}

.c23 {
  border: none;
  outline: none;
  box-sizing: border-box;
  height: 100%;
  font-size: 12px;
  width: 100%;
  transition: all 0.2s;
  padding-left: 16px;
  padding-right: 16px;
  color: rgba(255,255,255,0.87);
  background: #01172C;
  padding-right: 184px;
}

.c23:hover,
.c23:focus,
.c23:active {
  background: #010B1C;
  box-shadow: inset 0 2px 4px rgba(0,0,0,.24);
  color: rgba(255,255,255,0.87);
}

.c23::placeholder {
  color: rgba(255,255,255,0.24);
  font-size: 12px;
}

.c26 {
  position: relative;
  display: flex;
  align-items: center;
  cursor: pointer;
}

.c29 {
  width: 32px;
  height: 12px;
  border-radius: 12px;
  background: #03203C;
  cursor: inherit;
  flex-shrink: 0;
}

.c29:before {
  content: '';
  position: absolute;
  top: 50%;
  transform: translate(0,-50%);
  width: 16px;
  height: 16px;
  border-radius: 16px;
  background: #651FFF;
}

.c27 {
  opacity: 0;
  position: absolute;
  cursor: inherit;
}

.c27:checked + .c28 {
  background: #512FC9;
}

.c27:checked + .c28:before {
  transform: translate(16px,-50%);
}

.c27:disabled + .c28 {
  background: #03203C;
}

.c27:disabled + .c28:before {
  background: #455a64;
}

.c25 {
  display: flex;
  align-items: center;
  justify-content: space-around;
  padding-right: 16px;
  padding-left: 16px;
  width: 120px;
}

.c13 {
  align-items: center;
  height: 32px;
  border: 1px solid;
  border-radius: 4px;
  border-color: rgba(255,255,255,0.24);
}

.c14 {
  opacity: 0.75;
  font-size: 11px;
  font-weight: 500;
  padding: 0 8px;
  border-bottom-left-radius: 4px;
  border-top-left-radius: 4px;
}

.c15 {
  appearance: none;
  border: none;
  border-radius: 4px;
  box-sizing: border-box;
  border-bottom-left-radius: unset;
  border-top-left-radius: unset;
  display: block;
  outline: none;
  width: 100%;
  height: 100%;
  box-shadow: none;
  padding-left: 8px;
  font-size: 12px;
  background-color: #03203C;
  color: rgba(255,255,255,0.87);
}

.c15::-ms-clear {
  display: none;
}

.c15:read-only {
  cursor: not-allowed;
}

.c15::placeholder {
  opacity: 1;
  color: rgba(255,255,255,0.24);
  font-size: 12px;
}

.c15:hover,
.c15:focus {
  background: #092F52;
}

.c9 .react-select-container {
  box-shadow: inset 0 2px 4px rgba(0,0,0,0.24);
  box-sizing: border-box;
  border: none;
  display: block;
  font-size: 14px;
  outline: none;
  width: 100%;
  color: rgba(0,0,0,0.87);
  background-color: #ffffff;
  margin-bottom: 0px;
  border-radius: 4px;
}

.c9 .react-select__control,
.c9 .react-select__control--is-focused {
  min-height: 40px;
  height: 40px;
  background-color: transparent;
  border-color: transparent;
  border-radius: 4px;
  border-style: solid;
  border-width: 1px;
  box-shadow: none;
}

.c9 .react-select__control:hover,
.c9 .react-select__control--is-focused:hover {
  border-color: transparent;
  cursor: pointer;
}

.c9 .react-select__option:hover {
  cursor: pointer;
  background-color: #eceff1;
}

.c9 .react-select__option--is-focused {
  background-color: #eceff1;
}

.c9 .react-select__option--is-selected {
  background-color: #cfd8dc;
  color: inherit;
}

.c9 .react-select__option--is-selected:hover {
  background-color: #cfd8dc;
}

.c9 .react-select__menu {
  margin-top: 0px;
}

.c9 .react-select__indicator-separator {
  display: none;
}

.c9 .react-select__loading-indicator {
  display: none;
}

.c9 .react-select--is-disabled .react-select__single-value,
.c9 .react-select--is-disabled .react-select__placeholder {
  color: rgba(0,0,0,0.24);
}

.c9 .react-select--is-disabled .react-select__indicator {
  color: rgba(0,0,0,0.14);
}

.c10 .react-select-container {
  background: transparent;
}

.c10 .react-select__option--is-focused:active {
  background-color: #eceff1;
}

.c10 .react-select__value-container {
  padding: 0 8px;
}

.c10 .react-select__single-value {
  color: rgba(255,255,255,0.87);
}

.c10 .react-select__control {
  min-height: 34px;
  height: 34px;
  border-color: rgba(255,255,255,0.24);
  color: rgba(255,255,255,0.56);
}

.c10 .react-select__control:focus,
.c10 .react-select__control:active {
  background-color: #092F52;
}

.c10 .react-select__control:hover {
  border-color: rgba(255,255,255,0.24);
  background-color: #092F52;
}

.c10 .react-select__control:hover .react-select__dropdown-indicator {
  color: #666;
}

.c10 .react-select__control .react-select__indicator,
.c10 .react-select__control .react-select__dropdown-indicator {
  padding: 4px 8px;
  color: #666;
}

.c10 .react-select__control .react-select__indicator:hover,
.c10 .react-select__control .react-select__dropdown-indicator:hover {
  color: #999;
}

.c10 .react-select__control--menu-is-open {
  background-color: #092F52;
  border-color: transparent;
  border-radius: 4px;
  border-style: solid;
  border-width: 1px;
  box-shadow: none;
  border-color: rgba(255,255,255,0.24);
}

.c10 .react-select__control--menu-is-open .react-select__indicator,
.c10 .react-select__control--menu-is-open .react-select__dropdown-indicator {
  color: #999 !important;
}

.c10 .react-select__control--menu-is-open .react-select__indicator:hover,
.c10 .react-select__control--menu-is-open .react-select__dropdown-indicator:hover {
  color: #ccc !important;
}

.c10 .react-select__input {
  color: rgba(255,255,255,0.87);
}

.c10 .react-select__placeholder {
  color: rgba(255,255,255,0.56);
}

.c10 .react-select__option {
  padding: 4px 12px;
}

.c10 .react-select__menu {
  border-top-left-radius: 0;
  border-top-right-radius: 0;
}

.c10 .react-select__multi-value {
  background-color: #01172C;
  border: 1px solid rgba(255,255,255,0.24);
}

.c10 .react-select__multi-value__label {
  color: rgba(255,255,255,0.87);
  padding: 0 6px;
}

.c10 .react-select--is-disabled .react-select__single-value,
.c10 .react-select--is-disabled .react-select__placeholder,
.c10 .react-select--is-disabled .react-select__indicator {
  color: rgba(255,255,255,0.24);
}

.c11 .react-select-container {
  background: #03203C;
}

.c11 .react-select__single-value {
  color: white;
  padding: 0 4px;
  margin: 0;
}

.c4 {
  flex-direction: column;
  display: flex;
  flex: 1;
  max-width: 1024px;
}

.c4::after {
  content: ' ';
  padding-bottom: 24px;
}

<div
  class="c0 c1"
  height="100%"
  style="position: absolute;"
  width="100%"
>
  <div
    class="c2 c1"
    style="overflow: auto; background: rgb(1, 11, 28); display: flex; position: relative;"
  >
    <div
      class="c3 c4"
    >
      <div
        class="c5 c6"
      >
        <div
          class="c7"
          width="336px"
        >
          <label
            class="c8"
            font-size="0"
          >
             Clusters 
          </label>
          <div
            class="c9 c10 c11"
          >
            <div
              class="c9"
            >
              <div
                class="react-select-container css-2b097c-container"
              >
                <div
                  class="react-select__control css-yk16xz-control"
                >
                  <div
                    class="react-select__value-container react-select__value-container--has-value css-g1d714-ValueContainer"
                  >
                    <div
                      class="react-select__single-value css-1uccc91-singleValue"
                    >
                      cluseter-1
                    </div>
                    <div
                      class="css-b8ldur-Input"
                    >
                      <div
                        class="react-select__input"
                        style="display: inline-block;"
                      >
                        <input
                          aria-autocomplete="list"
                          autocapitalize="none"
                          autocomplete="off"
                          autocorrect="off"
                          id="react-select-2-input"
                          spellcheck="false"
                          style="box-sizing: content-box; width: 2px; border: 0px; opacity: 1; outline: 0; padding: 0px;"
                          tabindex="0"
                          type="text"
                          value=""
                        />
                        <div
                          style="position: absolute; top: 0px; left: 0px; visibility: hidden; height: 0px; overflow: scroll; white-space: pre; font-family: -webkit-small-control; letter-spacing: normal; text-transform: none;"
                        />
                      </div>
                    </div>
                  </div>
                  <div
                    class="react-select__indicators css-1hb7zxy-IndicatorsContainer"
                  >
                    <span
                      class="react-select__indicator-separator css-1okebmr-indicatorSeparator"
                    />
                    <div
                      aria-hidden="true"
                      class="react-select__indicator react-select__dropdown-indicator css-tlfecz-indicatorContainer"
                    >
                      <svg
                        aria-hidden="true"
                        class="css-6q0nyr-Svg"
                        focusable="false"
                        height="20"
                        viewBox="0 0 20 20"
                        width="20"
                      >
                        <path
                          d="M4.516 7.548c0.436-0.446 1.043-0.481 1.576 0l3.908 3.747 3.908-3.747c0.533-0.481 1.141-0.446 1.574 0 0.436 0.445 0.408 1.197 0 1.615-0.406 0.418-4.695 4.502-4.695 4.502-0.217 0.223-0.502 0.335-0.787 0.335s-0.57-0.112-0.789-0.335c0 0-4.287-4.084-4.695-4.502s-0.436-1.17 0-1.615z"
                        />
                      </svg>
                    </div>
                  </div>
                </div>
              </div>
            </div>
          </div>
        </div>
        <div
          class="c12 c1 c13"
          width="240px"
        >
          <div
            class="c14"
          >
            SSH:
          </div>
          <input
            class="c15"
            color="text.primary"
            placeholder="login@host:port"
          />
        </div>
      </div>
      <form
        class="c16"
      >
        <div
          class="c17 c18"
          width="100%"
        >
          <div
            class="c19 c20"
            style="width: 70%;"
          >
            <div
              class="c21"
              width="100%"
            >
              <div
                class="c22"
              >
                <input
                  class="c23"
                  placeholder="SEARCH..."
                  value=""
                />
                <div
                  class="c24"
                >
                  <div
                    class="c25"
                  >
                    <label
                      class="c26"
                    >
                      <input
                        class="c27"
                        type="checkbox"
                      />
                      <div
                        class="c28 c29"
                      />
                    </label>
                    <div
                      class="c30"
                    >
                      Advanced
                    </div>
                  </div>
                </div>
              </div>
            </div>
            <div
              style="line-height: 0px;"
            >
              <span
                class="c31 c32 icon icon-info_outline "
                color="light"
                style="cursor: pointer; font-size: 20px;"
              />
            </div>
          </div>
          <div
            class="c19 c1"
          >
            <div
              class="c33"
              color="primary.contrastText"
            >
              SHOWING 
              <strong>
                1
              </strong>
               - 
              <strong>
                5
              </strong>
               of
               
              <strong>
                5
              </strong>
            </div>
          </div>
        </div>
      </form>
      <table
        class="c34"
      >
        <thead>
          <tr>
            <th>
              <a>
                Hostname
                <span
                  class="c31 c32 icon icon-chevron-up "
                  color="light"
                  title="sort items asc"
                />
              </a>
            </th>
            <th
              style="cursor: default;"
            >
              Address
            </th>
            <th
              style="cursor: default;"
            >
              Labels
            </th>
            <th
              style="cursor: default;"
            />
          </tr>
        </thead>
        <tbody>
          <tr>
            <td>
              fujedu
            </td>
            <td>
              172.10.1.20:3022
            </td>
            <td>
              <div
                class="c35 c36"
                kind="secondary"
              >
                cluster: one
              </div>
              <div
                class="c35 c36"
                kind="secondary"
              >
                kernel: 4.15.0-51-generic
              </div>
            </td>
            <td
              align="right"
            >
              <button
                class="c37"
                height="24px"
                kind="border"
              >
                CONNECT
                <span
                  class="c31 c38 icon icon-caret-down "
                  color="text.secondary"
                  font-size="2"
                />
              </button>
            </td>
          </tr>
          <tr>
            <td>
              facuzguv
            </td>
            <td>
              172.10.1.42:3022
            </td>
            <td>
              <div
                class="c35 c36"
                kind="secondary"
              >
                cluster: one
              </div>
              <div
                class="c35 c36"
                kind="secondary"
              >
                kernel: 4.15.0-51-generic
              </div>
            </td>
            <td
              align="right"
            >
              <button
                class="c37"
                height="24px"
                kind="border"
              >
                CONNECT
                <span
                  class="c31 c38 icon icon-caret-down "
                  color="text.secondary"
                  font-size="2"
                />
              </button>
            </td>
          </tr>
          <tr>
            <td>
              duzsevkig
            </td>
            <td>
              <span
                style="cursor: default;"
                title="This node is connected to cluster through reverse tunnel"
              >
                ⟵ tunnel
              </span>
            </td>
            <td>
              <div
                class="c35 c36"
                kind="secondary"
              >
                cluster: one
              </div>
              <div
                class="c35 c36"
                kind="secondary"
              >
                kernel: 4.15.0-51-generic
              </div>
            </td>
            <td
              align="right"
            >
              <button
                class="c37"
                height="24px"
                kind="border"
              >
                CONNECT
                <span
                  class="c31 c38 icon icon-caret-down "
                  color="text.secondary"
                  font-size="2"
                />
              </button>
            </td>
          </tr>
          <tr>
            <td>
              kuhinur
            </td>
            <td>
              <span
                style="cursor: default;"
                title="This node is connected to cluster through reverse tunnel"
              >
                ⟵ tunnel
              </span>
            </td>
            <td>
              <div
                class="c35 c36"
                kind="secondary"
              >
                cluster: one
              </div>
              <div
                class="c35 c36"
                kind="secondary"
              >
                kernel: 4.15.0-51-generic
              </div>
            </td>
            <td
              align="right"
            >
              <button
                class="c37"
                height="24px"
                kind="border"
              >
                CONNECT
                <span
                  class="c31 c38 icon icon-caret-down "
                  color="text.secondary"
                  font-size="2"
                />
              </button>
            </td>
          </tr>
          <tr>
            <td>
              zebpecda
            </td>
            <td>
              172.10.1.24:3022
            </td>
            <td>
              <div
                class="c35 c36"
                kind="secondary"
              >
                cluster: one
              </div>
              <div
                class="c35 c36"
                kind="secondary"
              >
                kernel: 4.15.0-51-generic
              </div>
              <div
                class="c35 c36"
                kind="secondary"
              >
                lortavma: one
              </div>
              <div
                class="c35 c36"
                kind="secondary"
              >
                lenisret: 4.15.0-51-generic
              </div>
              <div
                class="c35 c36"
                kind="secondary"
              >
                lofdevod: one
              </div>
              <div
                class="c35 c36"
                kind="secondary"
              >
                llhurlaz: 4.15.0-51-generic
              </div>
            </td>
            <td
              align="right"
            >
              <button
                class="c37"
                height="24px"
                kind="border"
              >
                CONNECT
                <span
                  class="c31 c38 icon icon-caret-down "
                  color="text.secondary"
                  font-size="2"
                />
              </button>
            </td>
          </tr>
        </tbody>
      </table>
      <nav
        class="c39"
      >
        <div
          class="c17 c40"
          width="100%"
        >
          <div
            class="c41 c20"
          />
          <div
            class="c19 c1"
          >
            <button
              class="c42"
              disabled=""
              title="Previous page"
            >
              <span
                class="c31 c43 icon icon-arrow-left-circle "
                color="light"
                font-size="3"
              />
            </button>
            <button
              class="c44"
              title="Next page"
            >
              <span
                class="c31 c43 icon icon-arrow-right-circle "
                color="light"
                font-size="3"
              />
            </button>
          </div>
        </div>
      </nav>
    </div>
  </div>
</div>
`;
