// Jest Snapshot v1, https://goo.gl/fbAQLP

exports[`rendering of Session Recordings 1`] = `
.c0 {
  box-sizing: border-box;
  padding-left: 40px;
  padding-right: 40px;
}

.c3 {
  box-sizing: border-box;
  margin-bottom: 24px;
}

.c15 {
  box-sizing: border-box;
  width: 100%;
}

.c17 {
  box-sizing: border-box;
  margin-right: 8px;
}

.c19 {
  box-sizing: border-box;
}

.c27 {
  line-height: 1.5;
  margin: 0;
  display: inline-flex;
  justify-content: center;
  align-items: center;
  box-sizing: border-box;
  border: none;
  border-radius: 4px;
  cursor: pointer;
  font-family: inherit;
  font-weight: 600;
  outline: none;
  position: relative;
  text-align: center;
  text-decoration: none;
  text-transform: uppercase;
  transition: all 0.3s;
  -webkit-font-smoothing: antialiased;
  background: #512FC9;
  color: rgba(255,255,255,0.87);
  font-size: 10px;
  min-height: 24px;
  padding: 0px 16px;
  width: 80px;
}

.c27:active {
  opacity: 0.56;
}

.c27:hover,
.c27:focus {
  background: #651FFF;
}

.c27:active {
  background: #354AA4;
}

.c27:disabled {
  background: rgba(255,255,255,0.12);
  color: rgba(255,255,255,0.3);
}

.c22 {
  display: inline-block;
  transition: color 0.3s;
  color: #FFFFFF;
  font-size: 16px;
}

.c25 {
  display: inline-block;
  transition: color 0.3s;
  color: #FFFFFF;
}

.c26 {
  display: inline-block;
  transition: color 0.3s;
  padding: 4px;
  margin-right: 16px;
  color: #FFFFFF;
  font-size: 16px;
}

.c1 {
  display: flex;
}

.c4 {
  display: flex;
  align-items: center;
}

.c16 {
  display: flex;
  justify-content: flex-end;
}

.c6 {
  overflow: hidden;
  text-overflow: ellipsis;
  font-weight: 300;
  font-size: 22px;
  line-height: 32px;
  margin-right: 56px;
  margin: 0;
}

.c18 {
  overflow: hidden;
  text-overflow: ellipsis;
  font-weight: 400;
  font-size: 12px;
  line-height: 16px;
  margin-right: 4px;
  margin: 0;
  color: #FFFFFF;
}

.c8 {
  width: 210px;
  margin-left: auto;
}

.c8 .react-select-container {
  box-shadow: inset 0 2px 4px rgba(0,0,0,0.24);
  box-sizing: border-box;
  border: none;
  display: block;
  font-size: 14px;
  outline: none;
  width: 100%;
  color: rgba(0,0,0,0.87);
  background-color: #ffffff;
  margin-bottom: 0px;
  border-radius: 4px;
}

.c8 .react-select__control,
.c8 .react-select__control--is-focused {
  min-height: 40px;
  height: 40px;
  background-color: transparent;
  border-color: transparent;
  border-radius: 4px;
  border-style: solid;
  border-width: 1px;
  box-shadow: none;
}

.c8 .react-select__control:hover,
.c8 .react-select__control--is-focused:hover {
  border-color: transparent;
  cursor: pointer;
}

.c8 .react-select__option:hover {
  cursor: pointer;
  background-color: #eceff1;
}

.c8 .react-select__option--is-focused {
  background-color: #eceff1;
}

.c8 .react-select__option--is-selected {
  background-color: #cfd8dc;
  color: inherit;
}

.c8 .react-select__option--is-selected:hover {
  background-color: #cfd8dc;
}

.c8 .react-select__menu {
  margin-top: 0px;
}

.c8 .react-select__indicator-separator {
  display: none;
}

.c8 .react-select__loading-indicator {
  display: none;
}

.c8 .react-select--is-disabled .react-select__single-value,
.c8 .react-select--is-disabled .react-select__placeholder {
  color: rgba(0,0,0,0.24);
}

.c8 .react-select--is-disabled .react-select__indicator {
  color: rgba(0,0,0,0.14);
}

.c10 .react-select-container {
  box-shadow: inset 0 2px 4px rgba(0,0,0,0.24);
  box-sizing: border-box;
  border: none;
  display: block;
  font-size: 14px;
  outline: none;
  width: 100%;
  color: rgba(0,0,0,0.87);
  background-color: #ffffff;
  margin-bottom: 0px;
  border-radius: 4px;
}

.c10 .react-select__control,
.c10 .react-select__control--is-focused {
  min-height: 40px;
  height: 40px;
  background-color: transparent;
  border-color: transparent;
  border-radius: 4px;
  border-style: solid;
  border-width: 1px;
  box-shadow: none;
}

.c10 .react-select__control:hover,
.c10 .react-select__control--is-focused:hover {
  border-color: transparent;
  cursor: pointer;
}

.c10 .react-select__option:hover {
  cursor: pointer;
  background-color: #eceff1;
}

.c10 .react-select__option--is-focused {
  background-color: #eceff1;
}

.c10 .react-select__option--is-selected {
  background-color: #cfd8dc;
  color: inherit;
}

.c10 .react-select__option--is-selected:hover {
  background-color: #cfd8dc;
}

.c10 .react-select__menu {
  margin-top: 0px;
}

.c10 .react-select__indicator-separator {
  display: none;
}

.c10 .react-select__loading-indicator {
  display: none;
}

.c10 .react-select--is-disabled .react-select__single-value,
.c10 .react-select--is-disabled .react-select__placeholder {
  color: rgba(0,0,0,0.24);
}

.c10 .react-select--is-disabled .react-select__indicator {
  color: rgba(0,0,0,0.14);
}

.c9 .react-select-container {
  background: transparent;
}

.c9 .react-select__option--is-focused:active {
  background-color: #eceff1;
}

.c9 .react-select__value-container {
  padding: 0 8px;
}

.c9 .react-select__single-value {
  color: rgba(255,255,255,0.87);
}

.c9 .react-select__control {
  min-height: 34px;
  height: 34px;
  border-color: rgba(255,255,255,0.24);
  color: rgba(255,255,255,0.56);
}

.c9 .react-select__control:focus,
.c9 .react-select__control:active {
  background-color: #2C3A73;
}

.c9 .react-select__control:hover {
  border-color: rgba(255,255,255,0.24);
  background-color: #2C3A73;
}

.c9 .react-select__control:hover .react-select__dropdown-indicator {
  color: #666;
}

.c9 .react-select__control .react-select__indicator,
.c9 .react-select__control .react-select__dropdown-indicator {
  padding: 4px 8px;
  color: #666;
}

.c9 .react-select__control .react-select__indicator:hover,
.c9 .react-select__control .react-select__dropdown-indicator:hover {
  color: #999;
}

.c9 .react-select__control--menu-is-open {
  background-color: #2C3A73;
  border-color: transparent;
  border-radius: 4px;
  border-style: solid;
  border-width: 1px;
  box-shadow: none;
  border-color: rgba(255,255,255,0.24);
}

.c9 .react-select__control--menu-is-open .react-select__indicator,
.c9 .react-select__control--menu-is-open .react-select__dropdown-indicator {
  color: #999 !important;
}

.c9 .react-select__control--menu-is-open .react-select__indicator:hover,
.c9 .react-select__control--menu-is-open .react-select__dropdown-indicator:hover {
  color: #ccc !important;
}

.c9 .react-select__input {
  color: rgba(255,255,255,0.87);
}

.c9 .react-select__placeholder {
  color: rgba(255,255,255,0.56);
}

.c9 .react-select__option {
  padding: 4px 12px;
}

.c9 .react-select__menu {
  border-top-left-radius: 0;
  border-top-right-radius: 0;
}

.c9 .react-select__multi-value {
  background-color: #111B48;
  border: 1px solid rgba(255,255,255,0.24);
}

.c9 .react-select__multi-value__label {
  color: rgba(255,255,255,0.87);
  padding: 0 6px;
}

.c9 .react-select--is-disabled .react-select__single-value,
.c9 .react-select--is-disabled .react-select__placeholder,
.c9 .react-select--is-disabled .react-select__indicator {
  color: rgba(255,255,255,0.24);
}

.c5 {
  flex-shrink: 0;
  border-bottom: 1px solid #1C254D;
  height: 56px;
  margin-left: -40px;
  margin-right: -40px;
  padding-left: 40px;
  padding-right: 40px;
}

.c7 {
  white-space: nowrap;
}

.c2 {
  overflow: auto;
  width: 100%;
  height: 100%;
  flex-direction: column;
}

.c2::after {
  content: ' ';
  padding-bottom: 24px;
}

.c24 {
  background: #222C59;
  box-shadow: 0 4px 16px rgba(0,0,0,0.24);
  border-collapse: collapse;
  border-spacing: 0;
  font-size: 12px;
  width: 100%;
  border-top-left-radius: 0;
  border-top-right-radius: 0;
  border-bottom-left-radius: 8px;
  border-bottom-right-radius: 8px;
}

.c24 > thead > tr > th,
.c24 > tbody > tr > th,
.c24 > tfoot > tr > th,
.c24 > thead > tr > td,
.c24 > tbody > tr > td,
.c24 > tfoot > tr > td {
  padding: 8px 8px;
  vertical-align: middle;
}

.c24 > thead > tr > th:first-child,
.c24 > tbody > tr > th:first-child,
.c24 > tfoot > tr > th:first-child,
.c24 > thead > tr > td:first-child,
.c24 > tbody > tr > td:first-child,
.c24 > tfoot > tr > td:first-child {
  padding-left: 24px;
}

.c24 > thead > tr > th:last-child,
.c24 > tbody > tr > th:last-child,
.c24 > tfoot > tr > th:last-child,
.c24 > thead > tr > td:last-child,
.c24 > tbody > tr > td:last-child,
.c24 > tfoot > tr > td:last-child {
  padding-right: 24px;
}

.c24 > tbody > tr > td {
  vertical-align: baseline;
}

.c24 > thead > tr > th {
  background: #111B48;
  color: #FFFFFF;
  cursor: pointer;
  font-size: 10px;
  font-weight: 400;
  padding-bottom: 0;
  padding-top: 0;
  text-align: left;
  opacity: 0.75;
  text-transform: uppercase;
  white-space: nowrap;
}

.c24 > thead > tr > th .c21 {
  font-weight: bold;
  font-size: 8px;
  margin-left: 8px;
}

.c24 > tbody > tr > td {
  color: rgba(255,255,255,0.87);
  line-height: 16px;
}

.c24 tbody tr {
  border-bottom: 1px solid #1C254D;
}

.c24 tbody tr:hover {
  background-color: rgb(37,49,98);
}

.c11 {
  padding: 16px 24px;
  display: flex;
  height: 24px;
  flex-shrink: 0;
  align-items: center;
  justify-content: space-between;
  background: #222C59;
  border-top-left-radius: 8px;
  border-top-right-radius: 8px;
}

.c20 {
  background: none;
  border: none;
  cursor: pointer;
  margin-left: 0;
  margin-right: 0;
}

.c20 .c21 {
  font-size: 20px;
  transition: all 0.3s;
  opacity: 0.5;
}

.c20:hover .c21,
.c20:focus .c21 {
  opacity: 1;
}

.c20:disabled {
  cursor: default;
}

.c20:disabled .c21 {
  opacity: 0.1;
}

.c23 {
  background: none;
  border: none;
  cursor: pointer;
  margin-left: 0;
}

.c23 .c21 {
  font-size: 20px;
  transition: all 0.3s;
  opacity: 0.5;
}

.c23:hover .c21,
.c23:focus .c21 {
  opacity: 1;
}

.c23:disabled {
  cursor: default;
}

.c23:disabled .c21 {
  opacity: 0.1;
}

.c14 {
  position: absolute;
  height: 100%;
  right: 0;
  display: flex;
  align-items: center;
  justify-content: center;
  background: #2C3A73;
  border-radius: 200px;
}

.c12 {
  position: relative;
  display: flex;
  overflow: hidden;
  width: 100%;
  border-radius: 200px;
  height: 32px;
  background: #111B48;
}

.c13 {
  border: none;
  outline: none;
  box-sizing: border-box;
  height: 100%;
  font-size: 12px;
  width: 100%;
  transition: all 0.2s;
  padding-left: 16px;
  padding-right: 16px;
  color: rgba(255,255,255,0.87);
  background: #111B48;
  padding-right: 184px;
}

.c13:hover,
.c13:focus,
.c13:active {
  background: #1C254D;
  box-shadow: inset 0 2px 4px rgba(0,0,0,.24);
  color: rgba(255,255,255,0.87);
}

.c13::placeholder {
  color: rgba(255,255,255,0.24);
  font-size: 12px;
}

<div>
  <div
    class="c0 c1 c2"
  >
    <div
      class="c3 c4 c5"
    >
      <div
        class="c6 c7"
      >
        Session Recordings
      </div>
      <div
        class="c8 c9"
        width="210px"
      >
        <div
          class="c10"
        >
          <div
            class="react-select-container css-2b097c-container"
          >
            <div
              class="react-select__control css-yk16xz-control"
            >
              <div
                class="react-select__value-container react-select__value-container--has-value css-g1d714-ValueContainer"
              >
                <div
                  class="react-select__single-value css-1uccc91-singleValue"
                >
                  Today
                </div>
                <input
                  aria-autocomplete="list"
                  class="css-62g3xt-dummyInput"
                  id="react-select-2-input"
                  readonly=""
                  tabindex="0"
                  value=""
                />
              </div>
              <div
                class="react-select__indicators css-1hb7zxy-IndicatorsContainer"
              >
                <span
                  class="react-select__indicator-separator css-1okebmr-indicatorSeparator"
                />
                <div
                  aria-hidden="true"
                  class="react-select__indicator react-select__dropdown-indicator css-tlfecz-indicatorContainer"
                >
                  <svg
                    aria-hidden="true"
                    class="css-6q0nyr-Svg"
                    focusable="false"
                    height="20"
                    viewBox="0 0 20 20"
                    width="20"
                  >
                    <path
                      d="M4.516 7.548c0.436-0.446 1.043-0.481 1.576 0l3.908 3.747 3.908-3.747c0.533-0.481 1.141-0.446 1.574 0 0.436 0.445 0.408 1.197 0 1.615-0.406 0.418-4.695 4.502-4.695 4.502-0.217 0.223-0.502 0.335-0.787 0.335s-0.57-0.112-0.789-0.335c0 0-4.287-4.084-4.695-4.502s-0.436-1.17 0-1.615z"
                    />
                  </svg>
                </div>
              </div>
            </div>
          </div>
        </div>
      </div>
    </div>
    <nav
      class="c11"
    >
      <div
        class="c12"
      >
        <input
          class="c13"
          placeholder="SEARCH..."
          value=""
        />
        <div
          class="c14"
        />
      </div>
      <div
        class="c15 c16"
        width="100%"
      >
        <div
          class="c17 c4"
        >
          <div
            class="c18"
            color="primary.contrastText"
          >
            SHOWING 
            <strong>
              1
            </strong>
             - 
            <strong>
              7
            </strong>
             of
             
            <strong>
              7
            </strong>
          </div>
        </div>
        <div
          class="c19 c1"
        >
          <button
            class="c20"
            disabled=""
            title="Previous page"
          >
            <span
              class="c21 c22 icon icon-arrow-left-circle "
              color="light"
              font-size="3"
            />
          </button>
          <button
            class="c23"
            disabled=""
            title="Next page"
          >
            <span
              class="c21 c22 icon icon-arrow-right-circle "
              color="light"
              font-size="3"
            />
          </button>
        </div>
      </div>
    </nav>
    <table
      class="c24"
    >
      <thead>
        <tr>
          <th>
            <a>
              Type
              <span
                class="c21 c25 icon icon-chevrons-expand-vertical "
                color="light"
                title="sort items"
              />
            </a>
          </th>
          <th>
            <a>
              Name
              <span
                class="c21 c25 icon icon-chevrons-expand-vertical "
                color="light"
                title="sort items"
              />
            </a>
          </th>
          <th>
            <a>
              User(s)
              <span
                class="c21 c25 icon icon-chevrons-expand-vertical "
                color="light"
                title="sort items"
              />
            </a>
          </th>
          <th>
            <a>
              Duration
              <span
                class="c21 c25 icon icon-chevrons-expand-vertical "
                color="light"
                title="sort items"
              />
            </a>
          </th>
          <th>
            <a>
              Created
              <span
                class="c21 c25 icon icon-chevron-down "
                color="light"
                title="sort items desc"
              />
            </a>
          </th>
          <th
            style="cursor: default;"
          >
            Session ID
          </th>
          <th
            style="cursor: default;"
          />
        </tr>
      </thead>
      <tbody>
        <tr>
          <td>
            <span
              class="c21 c26 icon icon-kubernetes c21 c26"
              color="light"
              font-size="3"
            />
          </td>
          <td>
            minikube/default/hello-node-6b89d599b9-lsfjm
          </td>
          <td
            style="word-break: break-word;"
          >
            lisa2
          </td>
          <td>
            9 seconds
          </td>
          <td>
            2022-07-11 14:39:33
          </td>
          <td>
            8efccedd-9633-473f-bfb3-fcc07e2af345
          </td>
          <td
            align="right"
          >
            <a
              class="c27"
              href="/web/cluster/localhost/session/8efccedd-9633-473f-bfb3-fcc07e2af345?recordingType=k8s"
              kind="primary"
              target="_blank"
              width="80px"
            >
              Play
            </a>
          </td>
        </tr>
        <tr>
          <td>
            <span
              class="c21 c26 icon icon-desktop c21 c26"
              color="light"
              font-size="3"
            />
          </td>
          <td>
            WIN-JR2L4P7KN15-teleport-dev
          </td>
          <td
            style="word-break: break-word;"
          >
            joe
          </td>
          <td>
            2 seconds
          </td>
          <td>
            2022-01-19 15:49:50
          </td>
          <td>
            fe41659b-a611-4b08-974b-69564f766403
          </td>
          <td
            align="right"
            style="color: rgb(159, 159, 159);"
          >
            recording disabled
          </td>
        </tr>
        <tr>
          <td>
            <span
              class="c21 c26 icon icon-desktop c21 c26"
              color="light"
              font-size="3"
            />
          </td>
          <td>
            WIN-JR2L4P7KN15-teleport-dev
          </td>
          <td
            style="word-break: break-word;"
          >
            joe
          </td>
          <td>
            5 seconds
          </td>
          <td>
            2022-01-19 15:19:46
          </td>
          <td>
            3b8d6d4b-1096-43e8-a18c-1ce784911a8e
          </td>
          <td
            align="right"
            style="color: rgb(159, 159, 159);"
          >
            recording disabled
          </td>
        </tr>
        <tr>
          <td>
            <span
              class="c21 c26 icon icon-terminal c21 c26"
              color="light"
              font-size="3"
            />
          </td>
          <td>
            im-a-nodename
          </td>
          <td
            style="word-break: break-word;"
          >
            test
          </td>
          <td>
            10 minutes
          </td>
          <td>
            2021-07-27 23:20:05
          </td>
          <td>
            d183ca84-dd94-434a-afee5c2c5f38
          </td>
          <td
            align="right"
            style="color: rgb(159, 159, 159);"
          >
            recording disabled
          </td>
        </tr>
        <tr>
          <td>
            <span
              class="c21 c26 icon icon-terminal c21 c26"
              color="light"
              font-size="3"
            />
          </td>
          <td>
            ip-172-31-30-254
          </td>
          <td
            style="word-break: break-word;"
          >
            foo
          </td>
          <td>
            32 seconds
          </td>
          <td>
            2021-05-21 22:54:27
          </td>
          <td>
            9d92ad96-a45c-4add-463cc7bc48b1
          </td>
          <td
            align="right"
            style="color: rgb(159, 159, 159);"
          >
            non-interactive
          </td>
        </tr>
        <tr>
          <td>
            <span
              class="c21 c26 icon icon-terminal c21 c26"
              color="light"
              font-size="3"
            />
          </td>
          <td>
            peach-node
          </td>
          <td
            style="word-break: break-word;"
          >
            one, two
          </td>
          <td>
            21 seconds
          </td>
          <td>
            2019-04-22 00:00:51
          </td>
          <td>
            377875-6491-11e9-80a1-427cfde50f5a
          </td>
          <td
            align="right"
            style=""
          >
            <a
              class="c27"
              href="/web/cluster/localhost/session/377875-6491-11e9-80a1-427cfde50f5a?recordingType=ssh"
              kind="primary"
              target="_blank"
              width="80px"
            >
              Play
            </a>
          </td>
        </tr>
        <tr>
          <td>
            <span
              class="c21 c26 icon icon-terminal c21 c26"
              color="light"
              font-size="3"
            />
          </td>
          <td>
            apple-node
          </td>
          <td
            style="word-break: break-word;"
          >
            one, two
          </td>
          <td>
            19 minutes
          </td>
          <td>
            2019-04-22 00:00:51
          </td>
          <td>
            426485-6491-11e9-80a1-427cfde50f5a
          </td>
          <td
            align="right"
            style=""
          >
            <a
              class="c27"
              href="/web/cluster/localhost/session/426485-6491-11e9-80a1-427cfde50f5a?recordingType=ssh"
              kind="primary"
              target="_blank"
              width="80px"
            >
              Play
            </a>
          </td>
        </tr>
      </tbody>
    </table>
  </div>
</div>
`;
