// Jest Snapshot v1, https://goo.gl/fbAQLP

exports[`auth2faType "on" should render form with hardware key as first option in dropdown 1`] = `
.c0 {
  box-sizing: border-box;
  padding: 40px;
  width: 456px;
  background-color: #222C59;
}

.c2 {
  box-sizing: border-box;
  margin-bottom: 24px;
}

.c6 {
  box-sizing: border-box;
  width: 50%;
}

.c7 {
  box-sizing: border-box;
  margin-bottom: 0;
  margin-right: 16px;
}

.c10 {
  line-height: 1.5;
  margin: 0;
  display: inline-flex;
  justify-content: center;
  align-items: center;
  box-sizing: border-box;
  border: none;
  border-radius: 4px;
  cursor: pointer;
  font-family: inherit;
  font-weight: 600;
  outline: none;
  position: relative;
  text-align: center;
  text-decoration: none;
  text-transform: uppercase;
  transition: all 0.3s;
  -webkit-font-smoothing: antialiased;
  background: #512FC9;
  color: rgba(255,255,255,0.87);
  min-height: 40px;
  font-size: 12px;
  padding: 0px 40px;
  margin-top: 32px;
  width: 100%;
}

.c10:active {
  opacity: 0.56;
}

.c10:hover,
.c10:focus {
  background: #651FFF;
}

.c10:active {
  background: #354AA4;
}

.c10:disabled {
  background: rgba(255,255,255,0.12);
  color: rgba(255,255,255,0.3);
}

.c5 {
  display: flex;
  align-items: flex-end;
}

.c4 {
  appearance: none;
  border: none;
  border-radius: 4px;
  box-shadow: inset 0 2px 4px rgba(0,0,0,0.24);
  box-sizing: border-box;
  display: block;
  height: 40px;
  font-size: 16px;
  padding: 0 16px;
  outline: none;
  width: 100%;
  background-color: #FFFFFF;
  color: #324148;
  margin-top: 4px;
}

.c4::-ms-clear {
  display: none;
}

.c4::placeholder {
  opacity: 0.4;
}

.c4:read-only {
  cursor: not-allowed;
}

.c3 {
  color: #FFFFFF;
  display: block;
  font-size: 11px;
  font-weight: 500;
  text-transform: uppercase;
  width: 100%;
  margin-bottom: 0;
  margin-bottom: 0;
  font-size: 10px;
}

.c8 {
  color: #FFFFFF;
  display: block;
  font-size: 11px;
  font-weight: 500;
  text-transform: uppercase;
  width: 100%;
  margin-bottom: 4px;
  margin-bottom: 4px;
  font-size: 10px;
}

.c1 {
  box-shadow: 0 4px 16px rgba(0,0,0,0.24);
  border-radius: 8px;
}

.c9 .react-select-container {
  box-shadow: inset 0 2px 4px rgba(0,0,0,0.24);
  box-sizing: border-box;
  border: none;
  display: block;
  font-size: 14px;
  outline: none;
  width: 100%;
  color: rgba(0,0,0,0.87);
  background-color: #ffffff;
  margin-bottom: 0px;
  border-radius: 4px;
}

.c9 .react-select__control,
.c9 .react-select__control--is-focused {
  min-height: 40px;
  height: 40px;
  background-color: transparent;
  border-color: transparent;
  border-radius: 4px;
  border-style: solid;
  border-width: 1px;
  box-shadow: none;
}

.c9 .react-select__control:hover,
.c9 .react-select__control--is-focused:hover {
  border-color: transparent;
  cursor: pointer;
}

.c9 .react-select__option:hover {
  cursor: pointer;
  background-color: #eceff1;
}

.c9 .react-select__option--is-focused {
  background-color: #eceff1;
}

.c9 .react-select__option--is-selected {
  background-color: #cfd8dc;
  color: inherit;
}

.c9 .react-select__option--is-selected:hover {
  background-color: #cfd8dc;
}

.c9 .react-select__menu {
  margin-top: 0px;
}

.c9 .react-select__indicator-separator {
  display: none;
}

.c9 .react-select__loading-indicator {
  display: none;
}

.c9 .react-select--is-disabled .react-select__single-value,
.c9 .react-select--is-disabled .react-select__placeholder {
  color: rgba(0,0,0,0.24);
}

.c9 .react-select--is-disabled .react-select__indicator {
  color: rgba(0,0,0,0.14);
}

<div>
  <form
    class="c0 c1"
    width="456px"
  >
    <div
      class="c2"
    >
      <label
        class="c3"
        font-size="0"
      >
        Current Password
        <input
          autocomplete="off"
          class="c4"
          color="text.onLight"
          inputmode="text"
          placeholder="Password"
          type="password"
          value=""
        />
      </label>
    </div>
    <div
      class="c2 c5"
    >
      <div
        class="c6"
        data-testid="mfa-select"
        width="50%"
      >
        <div
          class="c7"
        >
          <label
            class="c8"
            font-size="0"
            for="select"
          >
            Two-factor type
          </label>
          <div
            class="c9"
          >
            <div
              class="react-select-container css-2b097c-container"
            >
              <div
                class="react-select__control css-yk16xz-control"
              >
                <div
                  class="react-select__value-container react-select__value-container--has-value css-g1d714-ValueContainer"
                >
                  <div
                    class="react-select__single-value css-1uccc91-singleValue"
                  >
                    Hardware Key
                  </div>
                  <input
                    aria-autocomplete="list"
                    class="css-62g3xt-dummyInput"
                    id="select"
                    readonly=""
                    tabindex="0"
                    value=""
                  />
                </div>
                <div
                  class="react-select__indicators css-1hb7zxy-IndicatorsContainer"
                >
                  <span
                    class="react-select__indicator-separator css-1okebmr-indicatorSeparator"
                  />
                  <div
                    aria-hidden="true"
                    class="react-select__indicator react-select__dropdown-indicator css-tlfecz-indicatorContainer"
                  >
                    <svg
                      aria-hidden="true"
                      class="css-6q0nyr-Svg"
                      focusable="false"
                      height="20"
                      viewBox="0 0 20 20"
                      width="20"
                    >
                      <path
                        d="M4.516 7.548c0.436-0.446 1.043-0.481 1.576 0l3.908 3.747 3.908-3.747c0.533-0.481 1.141-0.446 1.574 0 0.436 0.445 0.408 1.197 0 1.615-0.406 0.418-4.695 4.502-4.695 4.502-0.217 0.223-0.502 0.335-0.787 0.335s-0.57-0.112-0.789-0.335c0 0-4.287-4.084-4.695-4.502s-0.436-1.17 0-1.615z"
                      />
                    </svg>
                  </div>
                </div>
              </div>
            </div>
          </div>
        </div>
      </div>
      <div
        class="c6"
        width="50%"
      />
    </div>
    <div
      class="c2"
    >
      <label
        class="c3"
        font-size="0"
      >
        New Password
        <input
          autocomplete="off"
          class="c4"
          color="text.onLight"
          inputmode="text"
          placeholder="New Password"
          type="password"
          value=""
        />
      </label>
    </div>
    <div
      class="c2"
    >
      <label
        class="c3"
        font-size="0"
      >
        Confirm Password
        <input
          autocomplete="off"
          class="c4"
          color="text.onLight"
          inputmode="text"
          placeholder="Confirm Password"
          type="password"
          value=""
        />
      </label>
    </div>
    <button
      class="c10"
      kind="primary"
    >
      Update Password
    </button>
  </form>
</div>
`;

exports[`auth2faType "optional" should render form with hardware key as first option in dropdown 1`] = `
.c0 {
  box-sizing: border-box;
  padding: 40px;
  width: 456px;
  background-color: #222C59;
}

.c2 {
  box-sizing: border-box;
  margin-bottom: 24px;
}

.c6 {
  box-sizing: border-box;
  width: 50%;
}

.c7 {
  box-sizing: border-box;
  margin-bottom: 0;
  margin-right: 16px;
}

.c10 {
  line-height: 1.5;
  margin: 0;
  display: inline-flex;
  justify-content: center;
  align-items: center;
  box-sizing: border-box;
  border: none;
  border-radius: 4px;
  cursor: pointer;
  font-family: inherit;
  font-weight: 600;
  outline: none;
  position: relative;
  text-align: center;
  text-decoration: none;
  text-transform: uppercase;
  transition: all 0.3s;
  -webkit-font-smoothing: antialiased;
  background: #512FC9;
  color: rgba(255,255,255,0.87);
  min-height: 40px;
  font-size: 12px;
  padding: 0px 40px;
  margin-top: 32px;
  width: 100%;
}

.c10:active {
  opacity: 0.56;
}

.c10:hover,
.c10:focus {
  background: #651FFF;
}

.c10:active {
  background: #354AA4;
}

.c10:disabled {
  background: rgba(255,255,255,0.12);
  color: rgba(255,255,255,0.3);
}

.c5 {
  display: flex;
  align-items: flex-end;
}

.c4 {
  appearance: none;
  border: none;
  border-radius: 4px;
  box-shadow: inset 0 2px 4px rgba(0,0,0,0.24);
  box-sizing: border-box;
  display: block;
  height: 40px;
  font-size: 16px;
  padding: 0 16px;
  outline: none;
  width: 100%;
  background-color: #FFFFFF;
  color: #324148;
  margin-top: 4px;
}

.c4::-ms-clear {
  display: none;
}

.c4::placeholder {
  opacity: 0.4;
}

.c4:read-only {
  cursor: not-allowed;
}

.c3 {
  color: #FFFFFF;
  display: block;
  font-size: 11px;
  font-weight: 500;
  text-transform: uppercase;
  width: 100%;
  margin-bottom: 0;
  margin-bottom: 0;
  font-size: 10px;
}

.c8 {
  color: #FFFFFF;
  display: block;
  font-size: 11px;
  font-weight: 500;
  text-transform: uppercase;
  width: 100%;
  margin-bottom: 4px;
  margin-bottom: 4px;
  font-size: 10px;
}

.c1 {
  box-shadow: 0 4px 16px rgba(0,0,0,0.24);
  border-radius: 8px;
}

.c9 .react-select-container {
  box-shadow: inset 0 2px 4px rgba(0,0,0,0.24);
  box-sizing: border-box;
  border: none;
  display: block;
  font-size: 14px;
  outline: none;
  width: 100%;
  color: rgba(0,0,0,0.87);
  background-color: #ffffff;
  margin-bottom: 0px;
  border-radius: 4px;
}

.c9 .react-select__control,
.c9 .react-select__control--is-focused {
  min-height: 40px;
  height: 40px;
  background-color: transparent;
  border-color: transparent;
  border-radius: 4px;
  border-style: solid;
  border-width: 1px;
  box-shadow: none;
}

.c9 .react-select__control:hover,
.c9 .react-select__control--is-focused:hover {
  border-color: transparent;
  cursor: pointer;
}

.c9 .react-select__option:hover {
  cursor: pointer;
  background-color: #eceff1;
}

.c9 .react-select__option--is-focused {
  background-color: #eceff1;
}

.c9 .react-select__option--is-selected {
  background-color: #cfd8dc;
  color: inherit;
}

.c9 .react-select__option--is-selected:hover {
  background-color: #cfd8dc;
}

.c9 .react-select__menu {
  margin-top: 0px;
}

.c9 .react-select__indicator-separator {
  display: none;
}

.c9 .react-select__loading-indicator {
  display: none;
}

.c9 .react-select--is-disabled .react-select__single-value,
.c9 .react-select--is-disabled .react-select__placeholder {
  color: rgba(0,0,0,0.24);
}

.c9 .react-select--is-disabled .react-select__indicator {
  color: rgba(0,0,0,0.14);
}

<div>
  <form
    class="c0 c1"
    width="456px"
  >
    <div
      class="c2"
    >
      <label
        class="c3"
        font-size="0"
      >
        Current Password
        <input
          autocomplete="off"
          class="c4"
          color="text.onLight"
          inputmode="text"
          placeholder="Password"
          type="password"
          value=""
        />
      </label>
    </div>
    <div
      class="c2 c5"
    >
      <div
        class="c6"
        data-testid="mfa-select"
        width="50%"
      >
        <div
          class="c7"
        >
          <label
            class="c8"
            font-size="0"
            for="select"
          >
            Two-factor type
          </label>
          <div
            class="c9"
          >
            <div
              class="react-select-container css-2b097c-container"
            >
              <div
                class="react-select__control css-yk16xz-control"
              >
                <div
                  class="react-select__value-container react-select__value-container--has-value css-g1d714-ValueContainer"
                >
                  <div
                    class="react-select__single-value css-1uccc91-singleValue"
                  >
                    Hardware Key
                  </div>
                  <input
                    aria-autocomplete="list"
                    class="css-62g3xt-dummyInput"
                    id="select"
                    readonly=""
                    tabindex="0"
                    value=""
                  />
                </div>
                <div
                  class="react-select__indicators css-1hb7zxy-IndicatorsContainer"
                >
                  <span
                    class="react-select__indicator-separator css-1okebmr-indicatorSeparator"
                  />
                  <div
                    aria-hidden="true"
                    class="react-select__indicator react-select__dropdown-indicator css-tlfecz-indicatorContainer"
                  >
                    <svg
                      aria-hidden="true"
                      class="css-6q0nyr-Svg"
                      focusable="false"
                      height="20"
                      viewBox="0 0 20 20"
                      width="20"
                    >
                      <path
                        d="M4.516 7.548c0.436-0.446 1.043-0.481 1.576 0l3.908 3.747 3.908-3.747c0.533-0.481 1.141-0.446 1.574 0 0.436 0.445 0.408 1.197 0 1.615-0.406 0.418-4.695 4.502-4.695 4.502-0.217 0.223-0.502 0.335-0.787 0.335s-0.57-0.112-0.789-0.335c0 0-4.287-4.084-4.695-4.502s-0.436-1.17 0-1.615z"
                      />
                    </svg>
                  </div>
                </div>
              </div>
            </div>
          </div>
        </div>
      </div>
      <div
        class="c6"
        width="50%"
      />
    </div>
    <div
      class="c2"
    >
      <label
        class="c3"
        font-size="0"
      >
        New Password
        <input
          autocomplete="off"
          class="c4"
          color="text.onLight"
          inputmode="text"
          placeholder="New Password"
          type="password"
          value=""
        />
      </label>
    </div>
    <div
      class="c2"
    >
      <label
        class="c3"
        font-size="0"
      >
        Confirm Password
        <input
          autocomplete="off"
          class="c4"
          color="text.onLight"
          inputmode="text"
          placeholder="Confirm Password"
          type="password"
          value=""
        />
      </label>
    </div>
    <button
      class="c10"
      kind="primary"
    >
      Update Password
    </button>
  </form>
</div>
`;
